Microchip MPLAB XC8 Compiler V2.30

Linker command line:

-W-3 --edf=C:\Program Files\Microchip\xc8\v2.30\pic\dat\en_msgs.txt -cn \
  -h+dist/default/production\clock-digital.X.production.sym \
  --cmf=dist/default/production\clock-digital.X.production.cmf -z -Q16F877A \
  -oC:\Users\NGUYEN~1\AppData\Local\Temp\sakkx2 --defsym=__MPLAB_BUILD=1 \
  -Mdist/default/production/clock-digital.X.production.map -E1 \
  -ver=XC8 Compiler --acfsm=1493 -ASTACK=0110h-016Fh -pstack=STACK \
  -ACODE=00h-07FFhx4 -ASTRCODE=00h-01FFFh -ASTRING=00h-0FFhx32 \
  -ACONST=00h-0FFhx32 -AENTRY=00h-0FFhx32 -ACOMMON=070h-07Fh \
  -ABANK0=020h-06Fh -ABANK1=0A0h-0EFh -ABANK2=0110h-016Fh \
  -ABANK3=0190h-01EFh -ARAM=020h-06Fh,0A0h-0EFh,0110h-016Fh,0190h-01EFh \
  -AABS1=020h-07Fh,0A0h-0EFh,0110h-016Fh,0190h-01EFh -ASFR0=00h-01Fh \
  -ASFR1=080h-09Fh -ASFR2=0100h-010Fh -ASFR3=0180h-018Fh \
  -ACONFIG=02007h-02007h -DCONFIG=2 -AIDLOC=02000h-02003h -DIDLOC=2 \
  -AEEDATA=00h-0FFh/02100h -peeprom_data=EEDATA -DEEDATA=2 -DCODE=2 \
  -DSTRCODE=2 -DSTRING=2 -DCONST=2 -DENTRY=2 \
  -preset_vec=00h,intentry,init,end_init -ppowerup=CODE -pcinit=CODE \
  -pfunctab=ENTRY -k C:\Users\NGUYEN~1\AppData\Local\Temp\sakkxg.o \
  dist/default/production\clock-digital.X.production.o 

Object code version is 3.11

Machine type is 16F877A



                Name                               Link     Load   Length Selector   Space Scale
C:\Users\NGUYEN~1\AppData\Local\Temp\sakkxg.o
                end_init                              0        0        3        0       0
                config                             2007     2007        1        0       4
dist/default/production\clock-digital.X.production.o
                cinit                               7E5      7E5       1B      FCA       0
                config                             2007     2007        1        0       4
                text35                              B3F      B3F        5     167E       0
                text34                              BED      BED       20     17DA       0
                text33                              C79      C79       29     18F2       0
                text32                              C0D      C0D       22     181A       0
                text31                              C2F      C2F       25     185E       0
                text30                               A4       A4       A5      148       0
                text29                              E20      E20       53     1C40       0
                text28                              D9A      D9A       42     1B34       0
                text27                              F32      F32       67     1E64       0
                text26                              E73      E73       59     1CE6       0
                text25                              4B5      4B5      112      96A       0
                text24                              ECC      ECC       66     1D98       0
                text23                              D27      D27       39     1A4E       0
                text22                              F99      F99       67     1F32       0
                text21                              B7E      B7E        D     16FC       0
                text20                              B66      B66        C     16CC       0
                text19                              B72      B72        C     16E4       0
                text18                              CA2      CA2       2B     1944       0
                text17                              B4B      B4B        9     1696       0
                text16                              B54      B54        9     16A8       0
                text15                              B5D      B5D        9     16BA       0
                text14                              B8B      B8B       10     1716       0
                text13                              BC0      BC0       15     1780       0
                text12                              BD5      BD5       18     17AA       0
                text11                              1F5      1F5       C0      3EA       0
                text10                              DDC      DDC       44     1BB8       0
                text9                               D60      D60       3A     1AC0       0
                text8                               C54      C54       25     18A8       0
                text7                               B9B      B9B       12     1736       0
                text6                               5C7      5C7      21E      B8E       0
                text5                               CCD      CCD       2D     199A       0
                text4                               149      149       AC      292       0
                text3                               CFA      CFA       2D     19F4       0
                text2                                74       74       30       E8       0
                text1                               2B5      2B5       F6      56A       0
                maintext                            3AB      3AB      10A      756       0
                cstackBANK0                          20       20       3C       20       1
                cstackCOMMON                         70       70        E       70       1
                inittext                            BAD      BAD       13     175A       0
                dataBANK0                            65       65        7       20       1
                bssBANK0                             5C       5C        9       20       1
                strings                               3        3       6F        6       0
                idataBANK0                          B44      B44        7     1688       0

TOTAL           Name                               Link     Load   Length     Space
        CLASS   STACK          

        CLASS   CODE           
                end_init                              0        0        3         0
                cinit                               7E5      7E5       1B         0
                text35                              B3F      B3F        5         0
                text34                              BED      BED       20         0
                text33                              C79      C79       29         0
                text32                              C0D      C0D       22         0
                text31                              C2F      C2F       25         0
                text30                               A4       A4       A5         0
                text29                              E20      E20       53         0
                text28                              D9A      D9A       42         0
                text27                              F32      F32       67         0
                text26                              E73      E73       59         0
                text25                              4B5      4B5      112         0
                text24                              ECC      ECC       66         0
                text23                              D27      D27       39         0
                text22                              F99      F99       67         0
                text21                              B7E      B7E        D         0
                text20                              B66      B66        C         0
                text19                              B72      B72        C         0
                text18                              CA2      CA2       2B         0
                text17                              B4B      B4B        9         0
                text16                              B54      B54        9         0
                text15                              B5D      B5D        9         0
                text14                              B8B      B8B       10         0
                text13                              BC0      BC0       15         0
                text12                              BD5      BD5       18         0
                text11                              1F5      1F5       C0         0
                text10                              DDC      DDC       44         0
                text9                               D60      D60       3A         0
                text8                               C54      C54       25         0
                text7                               B9B      B9B       12         0
                text6                               5C7      5C7      21E         0
                text5                               CCD      CCD       2D         0
                text4                               149      149       AC         0
                text3                               CFA      CFA       2D         0
                text2                                74       74       30         0
                text1                               2B5      2B5       F6         0
                maintext                            3AB      3AB      10A         0
                inittext                            BAD      BAD       13         0
                idataBANK0                          B44      B44        7         0

        CLASS   STRCODE        

        CLASS   STRING         
                strings                               3        3       6F         0

        CLASS   CONST          

        CLASS   ENTRY          

        CLASS   COMMON         
                cstackCOMMON                         70       70        E         1

        CLASS   BANK0          
                cstackBANK0                          20       20       3C         1
                dataBANK0                            65       65        7         1
                bssBANK0                             5C       5C        9         1

        CLASS   BANK1          

        CLASS   BANK2          

        CLASS   BANK3          

        CLASS   RAM            

        CLASS   ABS1           
                abs_s1                               7E       7E        2         1

        CLASS   SFR0           

        CLASS   SFR1           

        CLASS   SFR2           

        CLASS   SFR3           

        CLASS   CONFIG         
                config                             2007     2007        1         4

        CLASS   IDLOC          

        CLASS   EEDATA         



SEGMENTS        Name                           Load    Length   Top    Selector   Space  Class     Delta

                reset_vec                      000000  000003  000003         0       0  CODE        2
                strings                        000003  00006F  000072         6       0  STRING      2
                cstackBANK0                    000020  00004C  00006C        20       1  BANK0       1
                cstackCOMMON                   000070  00000E  00007E        70       1  COMMON      1
                text2                          000074  000030  0000A4        E8       0  CODE        2
                text30                         0000A4  0000A5  000149       148       0  CODE        2
                text4                          000149  0000AC  0001F5       292       0  CODE        2
                text11                         0001F5  0000C0  0002B5       3EA       0  CODE        2
                text1                          0002B5  0000F6  0003AB       56A       0  CODE        2
                maintext                       0003AB  00010A  0004B5       756       0  CODE        2
                text25                         0004B5  000112  0005C7       96A       0  CODE        2
                text6                          0005C7  00021E  0007E5       B8E       0  CODE        2
                cinit                          0007E5  00001B  000800       FCA       0  CODE        2
                text35                         000B3F  000005  000B44      167E       0  CODE        2
                idataBANK0                     000B44  000007  000B4B      1688       0  CODE        2
                text17                         000B4B  000009  000B54      1696       0  CODE        2
                text16                         000B54  000009  000B5D      16A8       0  CODE        2
                text15                         000B5D  000009  000B66      16BA       0  CODE        2
                text20                         000B66  00000C  000B72      16CC       0  CODE        2
                text19                         000B72  00000C  000B7E      16E4       0  CODE        2
                text21                         000B7E  00000D  000B8B      16FC       0  CODE        2
                text14                         000B8B  000010  000B9B      1716       0  CODE        2
                text7                          000B9B  000012  000BAD      1736       0  CODE        2
                inittext                       000BAD  000013  000BC0      175A       0  CODE        2
                text13                         000BC0  000015  000BD5      1780       0  CODE        2
                text12                         000BD5  000018  000BED      17AA       0  CODE        2
                text34                         000BED  000020  000C0D      17DA       0  CODE        2
                text32                         000C0D  000022  000C2F      181A       0  CODE        2
                text31                         000C2F  000025  000C54      185E       0  CODE        2
                text8                          000C54  000025  000C79      18A8       0  CODE        2
                text33                         000C79  000029  000CA2      18F2       0  CODE        2
                text18                         000CA2  00002B  000CCD      1944       0  CODE        2
                text5                          000CCD  00002D  000CFA      199A       0  CODE        2
                text3                          000CFA  00002D  000D27      19F4       0  CODE        2
                text23                         000D27  000039  000D60      1A4E       0  CODE        2
                text9                          000D60  00003A  000D9A      1AC0       0  CODE        2
                text28                         000D9A  000042  000DDC      1B34       0  CODE        2
                text10                         000DDC  000044  000E20      1BB8       0  CODE        2
                text29                         000E20  000053  000E73      1C40       0  CODE        2
                text26                         000E73  000059  000ECC      1CE6       0  CODE        2
                text24                         000ECC  000066  000F32      1D98       0  CODE        2
                text27                         000F32  000067  000F99      1E64       0  CODE        2
                text22                         000F99  000067  001000      1F32       0  CODE        2


UNUSED ADDRESS RANGES

        Name                Unused          Largest block    Delta
        BANK0            006C-006F              4           1
        BANK1            00A0-00EF             50           1
        BANK2            0110-016F             60           1
        BANK3            0190-01EF             60           1
        CODE             0072-0073              2           2
                         0800-0B3E            33F
                         1000-1FFF            800
        CONST            0072-0073              2           2
                         0800-0B3E            100
                         1000-1FFF            100
        EEDATA           2100-21FF            100           2
        ENTRY            0072-0073              2           2
                         0800-0B3E            100
                         1000-1FFF            100
        IDLOC            2000-2003              4           2
        RAM              006C-006F              4           1
                         00A0-00EF             50
                         0110-016F             60
                         0190-01EF             60
        SFR0             0000-001F             20           1
        SFR1             0080-009F             20           1
        SFR2             0100-010F             10           1
        SFR3             0180-018F             10           1
        STACK            0110-016F             60           1
        STRCODE          0072-0073              2           2
                         0800-0B3E            33F
                         1000-1FFF           1000
        STRING           0072-0073              2           2
                         0800-0B3E            100
                         1000-1FFF            100

                                  Symbol Table

?___awdiv                          cstackCOMMON 0070
?___awmod                          cstackCOMMON 0070
?___lldiv                          cstackCOMMON 0070
?___lwdiv                          cstackCOMMON 0070
?___lwmod                          cstackCOMMON 0078
?___wmul                           cstackCOMMON 0070
?_sprintf                          cstackBANK0  0020
Blink@j                            cstackCOMMON 0072
Debounce@count                     cstackCOMMON 0072
Debounce@i                         cstackCOMMON 0073
Edit@parameter                     cstackBANK0  0021
Edit@x                             cstackCOMMON 007D
Edit@y                             cstackBANK0  0020
I2C_Master_Init@I2C_BaudRate       cstackBANK0  0020
I2C_Read_Char@ACK                  cstackCOMMON 0071
I2C_Read_Char@_data                cstackCOMMON 0072
I2C_Write_Char@i2c_data            cstackCOMMON 0070
LCD_CMD@CMD                        cstackCOMMON 0073
LCD_DATA@Data                      cstackCOMMON 0070
LCD_Set_Cursor@High4               cstackCOMMON 0079
LCD_Set_Cursor@Low4                cstackCOMMON 0078
LCD_Set_Cursor@Temp                cstackCOMMON 007A
LCD_Set_Cursor@column              cstackCOMMON 0074
LCD_Set_Cursor@row                 cstackCOMMON 0077
LCD_Write_Char@Data                cstackCOMMON 0075
LCD_Write_Char@High4               cstackCOMMON 0074
LCD_Write_Char@Low4                cstackCOMMON 0073
LCD_Write_String@i                 cstackCOMMON 007B
LCD_Write_String@str               cstackCOMMON 0076
RTC_Print@buffer                   cstackBANK0  0040
RTC_Read_Register@register_address cstackCOMMON 0074
RTC_Read_Register@register_data    cstackCOMMON 0075
RTC_Set@sec_register               cstackBANK0  0024
RTC_Set@time_t                     cstackBANK0  0025
_ACKDT                             (abs)        048D
_ACKEN                             (abs)        048C
_ACKSTAT                           (abs)        048E
_ADCON1                            (abs)        009F
_ADC_Off                           text35       0B3F
_Blink                             text34       0BED
_Debounce                          text33       0C79
_Edit                              text25       04B5
_I2C_ACK                           text20       0B66
_I2C_Master_Init                   text23       0D27
_I2C_NACK                          text19       0B72
_I2C_Read_Char                     text18       0CA2
_I2C_Restart                       text17       0B4B
_I2C_Start                         text16       0B54
_I2C_Stop                          text15       0B5D
_I2C_Wait                          text21       0B7E
_I2C_Write_Char                    text14       0B8B
_LCD_CMD                           text31       0C2F
_LCD_DATA                          text32       0C0D
_LCD_Init                          text22       0F99
_LCD_Set_Cursor                    text30       00A4
_LCD_Write_Char                    text29       0E20
_LCD_Write_String                  text28       0D9A
_PEN                               (abs)        048A
_RB0                               (abs)        0030
_RB1                               (abs)        0031
_RCEN                              (abs)        048B
_RD2                               (abs)        0042
_RD3                               (abs)        0043
_RD4                               (abs)        0044
_RD5                               (abs)        0045
_RD6                               (abs)        0046
_RD7                               (abs)        0047
_RSEN                              (abs)        0489
_RTC_Get                           text11       01F5
_RTC_Print                         text4        0149
_RTC_Read_Register                 text3        0CFA
_RTC_Set                           text1        02B5
_SEN                               (abs)        0488
_SSPADD                            (abs)        0093
_SSPBUF                            (abs)        0013
_SSPCON                            (abs)        0014
_SSPCON2                           (abs)        0091
_SSPSTAT                           (abs)        0094
_TRISC3                            (abs)        043B
_TRISC4                            (abs)        043C
_TRISD                             (abs)        0088
_TRISD2                            (abs)        0442
_TRISD3                            (abs)        0443
__Habs1                            abs1         0000
__Hbank0                           bank0        0000
__Hbank1                           bank1        0000
__Hbank2                           bank2        0000
__Hbank3                           bank3        0000
__HbssBANK0                        bssBANK0     0000
__Hcinit                           cinit        0800
__Hclrtext                         clrtext      0000
__Hcode                            code         0000
__Hcommon                          common       0000
__Hconfig                          config       2008
__HcstackBANK0                     cstackBANK0  0000
__HcstackCOMMON                    cstackCOMMON 0000
__HdataBANK0                       dataBANK0    0000
__Heeprom_data                     eeprom_data  0000
__Hend_init                        end_init     0003
__Hfunctab                         functab      0000
__HidataBANK0                      idataBANK0   0000
__Hinit                            init         0000
__Hinittext                        inittext     0000
__Hintentry                        intentry     0000
__Hmaintext                        maintext     0000
__Hpowerup                         powerup      0000
__Hram                             ram          0000
__Hreset_vec                       reset_vec    0000
__Hsfr0                            sfr0         0000
__Hsfr1                            sfr1         0000
__Hsfr2                            sfr2         0000
__Hsfr3                            sfr3         0000
__Hspace_0                         (abs)        1000
__Hspace_1                         (abs)        007E
__Hspace_2                         (abs)        0000
__Hspace_3                         (abs)        0000
__Hspace_4                         (abs)        400F
__Hstack                           stack        0000
__Hstrings                         strings      0000
__Htext                            text         0000
__Labs1                            abs1         0000
__Lbank0                           bank0        0000
__Lbank1                           bank1        0000
__Lbank2                           bank2        0000
__Lbank3                           bank3        0000
__LbssBANK0                        bssBANK0     0000
__Lcinit                           cinit        07E5
__Lclrtext                         clrtext      0000
__Lcode                            code         0000
__Lcommon                          common       0000
__Lconfig                          config       0000
__LcstackBANK0                     cstackBANK0  0000
__LcstackCOMMON                    cstackCOMMON 0000
__LdataBANK0                       dataBANK0    0000
__Leeprom_data                     eeprom_data  0000
__Lend_init                        end_init     0000
__Lfunctab                         functab      0000
__LidataBANK0                      idataBANK0   0000
__Linit                            init         0000
__Linittext                        inittext     0000
__Lintentry                        intentry     0000
__Lmaintext                        maintext     0000
__Lpowerup                         powerup      0000
__Lram                             ram          0000
__Lreset_vec                       reset_vec    0000
__Lsfr0                            sfr0         0000
__Lsfr1                            sfr1         0000
__Lsfr2                            sfr2         0000
__Lsfr3                            sfr3         0000
__Lspace_0                         (abs)        0000
__Lspace_1                         (abs)        0000
__Lspace_2                         (abs)        0000
__Lspace_3                         (abs)        0000
__Lspace_4                         (abs)        0000
__Lstack                           stack        0000
__Lstrings                         strings      0000
__Ltext                            text         0000
__S0                               (abs)        1000
__S1                               (abs)        007E
__S2                               (abs)        0000
__S3                               (abs)        0000
___awdiv                           text27       0F32
___awdiv@counter                   cstackCOMMON 0075
___awdiv@dividend                  cstackCOMMON 0072
___awdiv@divisor                   cstackCOMMON 0070
___awdiv@quotient                  cstackCOMMON 0077
___awdiv@sign                      cstackCOMMON 0076
___awmod                           text26       0E73
___awmod@counter                   cstackCOMMON 0075
___awmod@dividend                  cstackCOMMON 0072
___awmod@divisor                   cstackCOMMON 0070
___awmod@sign                      cstackCOMMON 0076
___bmul                            text13       0BC0
___bmul@multiplicand               cstackCOMMON 0070
___bmul@multiplier                 cstackCOMMON 0073
___bmul@product                    cstackCOMMON 0072
___int_sp                          stack        0000
___latbits                         (abs)        0002
___lldiv                           text24       0ECC
___lldiv@counter                   cstackCOMMON 007D
___lldiv@dividend                  cstackCOMMON 0074
___lldiv@divisor                   cstackCOMMON 0070
___lldiv@quotient                  cstackCOMMON 0079
___lwdiv                           text10       0DDC
___lwdiv@counter                   cstackCOMMON 0077
___lwdiv@dividend                  cstackCOMMON 0072
___lwdiv@divisor                   cstackCOMMON 0070
___lwdiv@quotient                  cstackCOMMON 0075
___lwmod                           text9        0D60
___lwmod@counter                   cstackCOMMON 007D
___lwmod@dividend                  cstackCOMMON 007A
___lwmod@divisor                   cstackCOMMON 0078
___sp                              stack        0000
___stackhi                         (abs)        0000
___stacklo                         (abs)        0000
___wmul                            text8        0C54
___wmul@multiplicand               cstackCOMMON 0072
___wmul@multiplier                 cstackCOMMON 0070
___wmul@product                    cstackCOMMON 0074
__end_of_ADC_Off                   text35       0B44
__end_of_Blink                     text34       0C0D
__end_of_Debounce                  text33       0CA2
__end_of_Edit                      text25       05C7
__end_of_I2C_ACK                   text20       0B72
__end_of_I2C_Master_Init           text23       0D60
__end_of_I2C_NACK                  text19       0B7E
__end_of_I2C_Read_Char             text18       0CCD
__end_of_I2C_Restart               text17       0B54
__end_of_I2C_Start                 text16       0B5D
__end_of_I2C_Stop                  text15       0B66
__end_of_I2C_Wait                  text21       0B8B
__end_of_I2C_Write_Char            text14       0B9B
__end_of_LCD_CMD                   text31       0C54
__end_of_LCD_DATA                  text32       0C2F
__end_of_LCD_Init                  text22       1000
__end_of_LCD_Set_Cursor            text30       0149
__end_of_LCD_Write_Char            text29       0E73
__end_of_LCD_Write_String          text28       0DDC
__end_of_RTC_Get                   text11       02B5
__end_of_RTC_Print                 text4        01F5
__end_of_RTC_Read_Register         text3        0D27
__end_of_RTC_Set                   text1        03AB
__end_of___awdiv                   text27       0F99
__end_of___awmod                   text26       0ECC
__end_of___bmul                    text13       0BD5
__end_of___lldiv                   text24       0F32
__end_of___lwdiv                   text10       0E20
__end_of___lwmod                   text9        0D9A
__end_of___wmul                    text8        0C79
__end_of__initialization           cinit        07FC
__end_of__stringtab                strings      0013
__end_of_bcd_to_decimal            text12       0BED
__end_of_decimal_to_bcd            text2        00A4
__end_of_dpowers                   strings      001D
__end_of_isdigit                   text7        0BAD
__end_of_main                      maintext     04B5
__end_of_sprintf                   text6        07E5
__end_of_strcat                    text5        0CFA
__initialization                   cinit        07E5
__pbssBANK0                        bssBANK0     005C
__pcstackBANK0                     cstackBANK0  0020
__pcstackCOMMON                    cstackCOMMON 0070
__pdataBANK0                       dataBANK0    0065
__pidataBANK0                      idataBANK0   0B44
__pmaintext                        maintext     03AB
__pstrings                         strings      0003
__ptext1                           text1        02B5
__ptext10                          text10       0DDC
__ptext11                          text11       01F5
__ptext12                          text12       0BD5
__ptext13                          text13       0BC0
__ptext14                          text14       0B8B
__ptext15                          text15       0B5D
__ptext16                          text16       0B54
__ptext17                          text17       0B4B
__ptext18                          text18       0CA2
__ptext19                          text19       0B72
__ptext2                           text2        0074
__ptext20                          text20       0B66
__ptext21                          text21       0B7E
__ptext22                          text22       0F99
__ptext23                          text23       0D27
__ptext24                          text24       0ECC
__ptext25                          text25       04B5
__ptext26                          text26       0E73
__ptext27                          text27       0F32
__ptext28                          text28       0D9A
__ptext29                          text29       0E20
__ptext3                           text3        0CFA
__ptext30                          text30       00A4
__ptext31                          text31       0C2F
__ptext32                          text32       0C0D
__ptext33                          text33       0C79
__ptext34                          text34       0BED
__ptext35                          text35       0B3F
__ptext4                           text4        0149
__ptext5                           text5        0CCD
__ptext6                           text6        05C7
__ptext7                           text7        0B9B
__ptext8                           text8        0C54
__ptext9                           text9        0D60
__size_of_ADC_Off                  (abs)        0000
__size_of_Blink                    (abs)        0000
__size_of_Debounce                 (abs)        0000
__size_of_Edit                     (abs)        0000
__size_of_I2C_ACK                  (abs)        0000
__size_of_I2C_Master_Init          (abs)        0000
__size_of_I2C_NACK                 (abs)        0000
__size_of_I2C_Read_Char            (abs)        0000
__size_of_I2C_Restart              (abs)        0000
__size_of_I2C_Start                (abs)        0000
__size_of_I2C_Stop                 (abs)        0000
__size_of_I2C_Wait                 (abs)        0000
__size_of_I2C_Write_Char           (abs)        0000
__size_of_LCD_CMD                  (abs)        0000
__size_of_LCD_DATA                 (abs)        0000
__size_of_LCD_Init                 (abs)        0000
__size_of_LCD_Set_Cursor           (abs)        0000
__size_of_LCD_Write_Char           (abs)        0000
__size_of_LCD_Write_String         (abs)        0000
__size_of_RTC_Get                  (abs)        0000
__size_of_RTC_Print                (abs)        0000
__size_of_RTC_Read_Register        (abs)        0000
__size_of_RTC_Set                  (abs)        0000
__size_of___awdiv                  (abs)        0000
__size_of___awmod                  (abs)        0000
__size_of___bmul                   (abs)        0000
__size_of___lldiv                  (abs)        0000
__size_of___lwdiv                  (abs)        0000
__size_of___lwmod                  (abs)        0000
__size_of___wmul                   (abs)        0000
__size_of_bcd_to_decimal           (abs)        0000
__size_of_decimal_to_bcd           (abs)        0000
__size_of_isdigit                  (abs)        0000
__size_of_main                     (abs)        0000
__size_of_sprintf                  (abs)        0000
__size_of_strcat                   (abs)        0000
__stringbase                       strings      0012
__stringtab                        strings      0003
_bcd_to_decimal                    text12       0BD5
_c_time                            bssBANK0     005E
_day_in_week                       dataBANK0    0065
_decimal_to_bcd                    text2        0074
_dpowers                           strings      0013
_i                                 bssBANK0     005D
_isdigit                           text7        0B9B
_isdigit$818                       cstackCOMMON 0070
_main                              maintext     03AB
_mytime                            bssBANK0     005C
_sprintf                           text6        05C7
_strcat                            text5        0CCD
bcd_to_decimal@number              cstackCOMMON 0077
btemp                              (abs)        007E
decimal_to_bcd@number              cstackBANK0  0020
end_of_initialization              cinit        07FC
init_fetch0                        inittext     0BAD
init_ram0                          inittext     0BB1
intlevel0                          functab      0000
intlevel1                          functab      0000
intlevel2                          functab      0000
intlevel3                          functab      0000
intlevel4                          functab      0000
intlevel5                          functab      0000
isdigit@c                          cstackCOMMON 0071
reset_vec                          reset_vec    0000
sprintf@ap                         cstackBANK0  0030
sprintf@c                          cstackBANK0  0038
sprintf@cp                         cstackBANK0  0031
sprintf@f                          cstackBANK0  0020
sprintf@flag                       cstackBANK0  002C
sprintf@len                        cstackBANK0  0033
sprintf@prec                       cstackBANK0  002F
sprintf@sp                         cstackBANK0  0035
sprintf@val                        cstackBANK0  002D
sprintf@width                      cstackBANK0  0036
start                              init         0000
start_initialization               cinit        07E5
strcat@cp                          cstackCOMMON 0073
strcat@from                        cstackCOMMON 0070
strcat@to                          cstackCOMMON 0072
wtemp0                             (abs)        007E


FUNCTION INFORMATION:

 *************** function _main *****************
 Defined at:
		line 7 in file "main3.c"
 Parameters:    Size  Location     Type
		None
 Auto vars:     Size  Location     Type
		None
 Return value:  Size  Location     Type
                  1    wreg      void 
 Registers used:
		wreg, fsr0l, fsr0h, status,2, status,0, btemp+1, pclath, cstack
 Tracked objects:
		On entry : 
		On exit  : 
		Unchanged: 
 Data sizes:     COMMON   BANK0   BANK1   BANK3   BANK2
      Params:         0       0       0       0       0
      Locals:         0       0       0       0       0
      Temps:          0       3       0       0       0
      Totals:         0       3       0       0       0
Total ram usage:        3 bytes
 Hardware stack levels required when called:    5
 This function calls:
		_ADC_Off
		_Debounce
		_Edit
		_I2C_Master_Init
		_LCD_Init
		_LCD_Set_Cursor
		_LCD_Write_String
		_RTC_Get
		_RTC_Print
		_RTC_Set
 This function is called by:
		Startup code after reset
 This function uses a non-reentrant model


 *************** function _RTC_Set *****************
 Defined at:
		line 33 in file "libraryUser/rtc-ds1307/rtc-ds1307.c"
 Parameters:    Size  Location     Type
  time_t          1    wreg     PTR struct rtc_tm
		 -> NULL(0), c_time(7), 
 Auto vars:     Size  Location     Type
  time_t          1    5[BANK0 ] PTR struct rtc_tm
		 -> NULL(0), c_time(7), 
  sec_register    1    4[BANK0 ] unsigned char 
 Return value:  Size  Location     Type
                  1    wreg      void 
 Registers used:
		wreg, fsr0l, fsr0h, status,2, status,0, pclath, cstack
 Tracked objects:
		On entry : 
		On exit  : 
		Unchanged: 
 Data sizes:     COMMON   BANK0   BANK1   BANK3   BANK2
      Params:         0       0       0       0       0
      Locals:         0       2       0       0       0
      Temps:          0       3       0       0       0
      Totals:         0       5       0       0       0
Total ram usage:        5 bytes
 Hardware stack levels used:    1
 Hardware stack levels required when called:    4
 This function calls:
		_I2C_Start
		_I2C_Stop
		_I2C_Write_Char
		_RTC_Read_Register
		_decimal_to_bcd
 This function is called by:
		_main
 This function uses a non-reentrant model


 *************** function _decimal_to_bcd *****************
 Defined at:
		line 14 in file "libraryUser/rtc-ds1307/rtc-ds1307.c"
 Parameters:    Size  Location     Type
  number          1    wreg     unsigned char 
 Auto vars:     Size  Location     Type
  number          1    0[BANK0 ] unsigned char 
 Return value:  Size  Location     Type
                  1    wreg      unsigned char 
 Registers used:
		wreg, status,2, status,0, pclath, cstack
 Tracked objects:
		On entry : 
		On exit  : 
		Unchanged: 
 Data sizes:     COMMON   BANK0   BANK1   BANK3   BANK2
      Params:         0       0       0       0       0
      Locals:         0       1       0       0       0
      Temps:          5       0       0       0       0
      Totals:         5       1       0       0       0
Total ram usage:        6 bytes
 Hardware stack levels used:    1
 Hardware stack levels required when called:    1
 This function calls:
		___awdiv
		___awmod
 This function is called by:
		_RTC_Set
 This function uses a non-reentrant model


 *************** function _RTC_Read_Register *****************
 Defined at:
		line 125 in file "libraryUser/rtc-ds1307/rtc-ds1307.c"
 Parameters:    Size  Location     Type
  register_add    1    wreg     unsigned char 
 Auto vars:     Size  Location     Type
  register_add    1    4[COMMON] unsigned char 
  register_dat    1    5[COMMON] unsigned char 
 Return value:  Size  Location     Type
                  1    wreg      unsigned char 
 Registers used:
		wreg, status,2, status,0, pclath, cstack
 Tracked objects:
		On entry : 
		On exit  : 
		Unchanged: 
 Data sizes:     COMMON   BANK0   BANK1   BANK3   BANK2
      Params:         0       0       0       0       0
      Locals:         2       0       0       0       0
      Temps:          1       0       0       0       0
      Totals:         3       0       0       0       0
Total ram usage:        3 bytes
 Hardware stack levels used:    1
 Hardware stack levels required when called:    3
 This function calls:
		_I2C_Read_Char
		_I2C_Restart
		_I2C_Start
		_I2C_Stop
		_I2C_Write_Char
 This function is called by:
		_RTC_Set
		_Oscillator_Enable
		_Oscillator_Disable
		_Oscillator_Status
 This function uses a non-reentrant model


 *************** function _RTC_Print *****************
 Defined at:
		line 52 in file "main3.c"
 Parameters:    Size  Location     Type
		None
 Auto vars:     Size  Location     Type
  buffer         25   32[BANK0 ] unsigned char [25]
 Return value:  Size  Location     Type
                  1    wreg      void 
 Registers used:
		wreg, fsr0l, fsr0h, status,2, status,0, btemp+1, pclath, cstack
 Tracked objects:
		On entry : 
		On exit  : 
		Unchanged: 
 Data sizes:     COMMON   BANK0   BANK1   BANK3   BANK2
      Params:         0       0       0       0       0
      Locals:         0      25       0       0       0
      Temps:          0       7       0       0       0
      Totals:         0      32       0       0       0
Total ram usage:       32 bytes
 Hardware stack levels used:    1
 Hardware stack levels required when called:    3
 This function calls:
		_LCD_Set_Cursor
		_LCD_Write_String
		_sprintf
		_strcat
 This function is called by:
		_main
 This function uses a non-reentrant model


 *************** function _strcat *****************
 Defined at:
		line 8 in file "C:\Program Files\Microchip\xc8\v2.30\pic\sources\c90\common\strcat.c"
 Parameters:    Size  Location     Type
  to              1    wreg     PTR unsigned char 
		 -> RTC_Print@buffer(25), 
  from            1    0[COMMON] PTR const unsigned char 
		 -> STR_18(4), STR_17(4), 
 Auto vars:     Size  Location     Type
  to              1    2[COMMON] PTR unsigned char 
		 -> RTC_Print@buffer(25), 
  cp              1    3[COMMON] PTR unsigned char 
		 -> RTC_Print@buffer(25), 
 Return value:  Size  Location     Type
                  1    wreg      PTR unsigned char 
 Registers used:
		wreg, fsr0l, fsr0h, status,2, status,0, pclath
 Tracked objects:
		On entry : 
		On exit  : 
		Unchanged: 
 Data sizes:     COMMON   BANK0   BANK1   BANK3   BANK2
      Params:         1       0       0       0       0
      Locals:         2       0       0       0       0
      Temps:          1       0       0       0       0
      Totals:         4       0       0       0       0
Total ram usage:        4 bytes
 Hardware stack levels used:    2
 This function calls:
		Nothing
 This function is called by:
		_RTC_Print
 This function uses a non-reentrant model


 *************** function _sprintf *****************
 Defined at:
		line 505 in file "C:\Program Files\Microchip\xc8\v2.30\pic\sources\c90\common\doprnt.c"
 Parameters:    Size  Location     Type
  sp              1    wreg     PTR unsigned char 
		 -> RTC_Print@buffer(25), 
  f               1    0[BANK0 ] PTR const unsigned char 
		 -> STR_19(18), STR_16(15), 
 Auto vars:     Size  Location     Type
  sp              1   21[BANK0 ] PTR unsigned char 
		 -> RTC_Print@buffer(25), 
  tmpval          4    0        struct .
  width           2   22[BANK0 ] int 
  len             2   19[BANK0 ] unsigned int 
  cp              2   17[BANK0 ] PTR const unsigned char 
		 -> STR_21(7), ?_sprintf(2), STR_14(4), STR_13(4), 
		 -> STR_12(4), STR_11(4), STR_10(4), STR_9(4), 
		 -> STR_8(4), STR_7(4), STR_6(4), STR_5(4), 
		 -> STR_4(4), STR_3(4), STR_2(4), STR_1(4), 
  val             2   13[BANK0 ] unsigned int 
  c               1   24[BANK0 ] unsigned char 
  ap              1   16[BANK0 ] PTR void [1]
		 -> ?_sprintf(2), 
  prec            1   15[BANK0 ] char 
  flag            1   12[BANK0 ] unsigned char 
 Return value:  Size  Location     Type
                  2    0[BANK0 ] int 
 Registers used:
		wreg, fsr0l, fsr0h, status,2, status,0, btemp+1, pclath, cstack
 Tracked objects:
		On entry : 
		On exit  : 
		Unchanged: 
 Data sizes:     COMMON   BANK0   BANK1   BANK3   BANK2
      Params:         0       9       0       0       0
      Locals:         0      13       0       0       0
      Temps:          0       3       0       0       0
      Totals:         0      25       0       0       0
Total ram usage:       25 bytes
 Hardware stack levels used:    1
 Hardware stack levels required when called:    1
 This function calls:
		___lwdiv
		___lwmod
		___wmul
		_isdigit
 This function is called by:
		_RTC_Print
 This function uses a non-reentrant model


 *************** function _isdigit *****************
 Defined at:
		line 8 in file "C:\Program Files\Microchip\xc8\v2.30\pic\sources\c90\common\isdigit.c"
 Parameters:    Size  Location     Type
  c               1    wreg     unsigned char 
 Auto vars:     Size  Location     Type
  c               1    1[COMMON] unsigned char 
 Return value:  Size  Location     Type
		None               void
 Registers used:
		wreg, status,2, status,0
 Tracked objects:
		On entry : 
		On exit  : 
		Unchanged: 
 Data sizes:     COMMON   BANK0   BANK1   BANK3   BANK2
      Params:         0       0       0       0       0
      Locals:         2       0       0       0       0
      Temps:          0       0       0       0       0
      Totals:         2       0       0       0       0
Total ram usage:        2 bytes
 Hardware stack levels used:    1
 This function calls:
		Nothing
 This function is called by:
		_sprintf
 This function uses a non-reentrant model


 *************** function ___wmul *****************
 Defined at:
		line 15 in file "C:\Program Files\Microchip\xc8\v2.30\pic\sources\c90\common\Umul16.c"
 Parameters:    Size  Location     Type
  multiplier      2    0[COMMON] unsigned int 
  multiplicand    2    2[COMMON] unsigned int 
 Auto vars:     Size  Location     Type
  product         2    4[COMMON] unsigned int 
 Return value:  Size  Location     Type
                  2    0[COMMON] unsigned int 
 Registers used:
		wreg, status,2, status,0
 Tracked objects:
		On entry : 
		On exit  : 
		Unchanged: 
 Data sizes:     COMMON   BANK0   BANK1   BANK3   BANK2
      Params:         4       0       0       0       0
      Locals:         2       0       0       0       0
      Temps:          0       0       0       0       0
      Totals:         6       0       0       0       0
Total ram usage:        6 bytes
 Hardware stack levels used:    1
 This function calls:
		Nothing
 This function is called by:
		_sprintf
 This function uses a non-reentrant model


 *************** function ___lwmod *****************
 Defined at:
		line 5 in file "C:\Program Files\Microchip\xc8\v2.30\pic\sources\c90\common\lwmod.c"
 Parameters:    Size  Location     Type
  divisor         2    8[COMMON] unsigned int 
  dividend        2   10[COMMON] unsigned int 
 Auto vars:     Size  Location     Type
  counter         1   13[COMMON] unsigned char 
 Return value:  Size  Location     Type
                  2    8[COMMON] unsigned int 
 Registers used:
		wreg, status,2, status,0
 Tracked objects:
		On entry : 
		On exit  : 
		Unchanged: 
 Data sizes:     COMMON   BANK0   BANK1   BANK3   BANK2
      Params:         4       0       0       0       0
      Locals:         1       0       0       0       0
      Temps:          1       0       0       0       0
      Totals:         6       0       0       0       0
Total ram usage:        6 bytes
 Hardware stack levels used:    1
 This function calls:
		Nothing
 This function is called by:
		_sprintf
		_LCD_Write_Number
 This function uses a non-reentrant model


 *************** function ___lwdiv *****************
 Defined at:
		line 5 in file "C:\Program Files\Microchip\xc8\v2.30\pic\sources\c90\common\lwdiv.c"
 Parameters:    Size  Location     Type
  divisor         2    0[COMMON] unsigned int 
  dividend        2    2[COMMON] unsigned int 
 Auto vars:     Size  Location     Type
  quotient        2    5[COMMON] unsigned int 
  counter         1    7[COMMON] unsigned char 
 Return value:  Size  Location     Type
                  2    0[COMMON] unsigned int 
 Registers used:
		wreg, status,2, status,0
 Tracked objects:
		On entry : 
		On exit  : 
		Unchanged: 
 Data sizes:     COMMON   BANK0   BANK1   BANK3   BANK2
      Params:         4       0       0       0       0
      Locals:         3       0       0       0       0
      Temps:          1       0       0       0       0
      Totals:         8       0       0       0       0
Total ram usage:        8 bytes
 Hardware stack levels used:    1
 This function calls:
		Nothing
 This function is called by:
		_sprintf
		_LCD_Write_Number
 This function uses a non-reentrant model


 *************** function _RTC_Get *****************
 Defined at:
		line 73 in file "libraryUser/rtc-ds1307/rtc-ds1307.c"
 Parameters:    Size  Location     Type
		None
 Auto vars:     Size  Location     Type
		None
 Return value:  Size  Location     Type
                  1    wreg      PTR struct rtc_tm
 Registers used:
		wreg, status,2, status,0, pclath, cstack
 Tracked objects:
		On entry : 
		On exit  : 
		Unchanged: 
 Data sizes:     COMMON   BANK0   BANK1   BANK3   BANK2
      Params:         0       0       0       0       0
      Locals:         0       0       0       0       0
      Temps:          1       0       0       0       0
      Totals:         1       0       0       0       0
Total ram usage:        1 bytes
 Hardware stack levels used:    1
 Hardware stack levels required when called:    3
 This function calls:
		_I2C_Read_Char
		_I2C_Restart
		_I2C_Start
		_I2C_Stop
		_I2C_Write_Char
		_bcd_to_decimal
 This function is called by:
		_main
 This function uses a non-reentrant model


 *************** function _bcd_to_decimal *****************
 Defined at:
		line 6 in file "libraryUser/rtc-ds1307/rtc-ds1307.c"
 Parameters:    Size  Location     Type
  number          1    wreg     unsigned char 
 Auto vars:     Size  Location     Type
  number          1    7[COMMON] unsigned char 
 Return value:  Size  Location     Type
                  1    wreg      unsigned char 
 Registers used:
		wreg, status,2, status,0, pclath, cstack
 Tracked objects:
		On entry : 
		On exit  : 
		Unchanged: 
 Data sizes:     COMMON   BANK0   BANK1   BANK3   BANK2
      Params:         0       0       0       0       0
      Locals:         1       0       0       0       0
      Temps:          3       0       0       0       0
      Totals:         4       0       0       0       0
Total ram usage:        4 bytes
 Hardware stack levels used:    1
 Hardware stack levels required when called:    1
 This function calls:
		___bmul
 This function is called by:
		_RTC_Get
 This function uses a non-reentrant model


 *************** function ___bmul *****************
 Defined at:
		line 4 in file "C:\Program Files\Microchip\xc8\v2.30\pic\sources\c90\common\Umul8.c"
 Parameters:    Size  Location     Type
  multiplier      1    wreg     unsigned char 
  multiplicand    1    0[COMMON] unsigned char 
 Auto vars:     Size  Location     Type
  multiplier      1    3[COMMON] unsigned char 
  product         1    2[COMMON] unsigned char 
 Return value:  Size  Location     Type
                  1    wreg      unsigned char 
 Registers used:
		wreg, status,2, status,0
 Tracked objects:
		On entry : 
		On exit  : 
		Unchanged: 
 Data sizes:     COMMON   BANK0   BANK1   BANK3   BANK2
      Params:         1       0       0       0       0
      Locals:         2       0       0       0       0
      Temps:          1       0       0       0       0
      Totals:         4       0       0       0       0
Total ram usage:        4 bytes
 Hardware stack levels used:    1
 This function calls:
		Nothing
 This function is called by:
		_bcd_to_decimal
 This function uses a non-reentrant model


 *************** function _I2C_Write_Char *****************
 Defined at:
		line 89 in file "libraryUser/i2c-mater/i2c-master.c"
 Parameters:    Size  Location     Type
  i2c_data        1    wreg     unsigned char 
 Auto vars:     Size  Location     Type
  i2c_data        1    0[COMMON] unsigned char 
 Return value:  Size  Location     Type
                  1    wreg      unsigned char 
 Registers used:
		wreg, status,2, status,0, pclath, cstack
 Tracked objects:
		On entry : 
		On exit  : 
		Unchanged: 
 Data sizes:     COMMON   BANK0   BANK1   BANK3   BANK2
      Params:         0       0       0       0       0
      Locals:         1       0       0       0       0
      Temps:          0       0       0       0       0
      Totals:         1       0       0       0       0
Total ram usage:        1 bytes
 Hardware stack levels used:    1
 Hardware stack levels required when called:    1
 This function calls:
		_I2C_Wait
 This function is called by:
		_RTC_Set
		_RTC_Get
		_RTC_Read_Register
		_RTC_Write_Register
		_Frequency_Set
 This function uses a non-reentrant model


 *************** function _I2C_Stop *****************
 Defined at:
		line 54 in file "libraryUser/i2c-mater/i2c-master.c"
 Parameters:    Size  Location     Type
		None
 Auto vars:     Size  Location     Type
		None
 Return value:  Size  Location     Type
                  1    wreg      void 
 Registers used:
		wreg, status,2, status,0, pclath, cstack
 Tracked objects:
		On entry : 
		On exit  : 
		Unchanged: 
 Data sizes:     COMMON   BANK0   BANK1   BANK3   BANK2
      Params:         0       0       0       0       0
      Locals:         0       0       0       0       0
      Temps:          0       0       0       0       0
      Totals:         0       0       0       0       0
Total ram usage:        0 bytes
 Hardware stack levels used:    1
 Hardware stack levels required when called:    1
 This function calls:
		_I2C_Wait
 This function is called by:
		_RTC_Set
		_RTC_Get
		_RTC_Read_Register
		_RTC_Write_Register
		_Frequency_Set
 This function uses a non-reentrant model


 *************** function _I2C_Start *****************
 Defined at:
		line 34 in file "libraryUser/i2c-mater/i2c-master.c"
 Parameters:    Size  Location     Type
		None
 Auto vars:     Size  Location     Type
		None
 Return value:  Size  Location     Type
                  1    wreg      void 
 Registers used:
		wreg, status,2, status,0, pclath, cstack
 Tracked objects:
		On entry : 
		On exit  : 
		Unchanged: 
 Data sizes:     COMMON   BANK0   BANK1   BANK3   BANK2
      Params:         0       0       0       0       0
      Locals:         0       0       0       0       0
      Temps:          0       0       0       0       0
      Totals:         0       0       0       0       0
Total ram usage:        0 bytes
 Hardware stack levels used:    1
 Hardware stack levels required when called:    1
 This function calls:
		_I2C_Wait
 This function is called by:
		_RTC_Set
		_RTC_Get
		_RTC_Read_Register
		_RTC_Write_Register
		_Frequency_Set
 This function uses a non-reentrant model


 *************** function _I2C_Restart *****************
 Defined at:
		line 44 in file "libraryUser/i2c-mater/i2c-master.c"
 Parameters:    Size  Location     Type
		None
 Auto vars:     Size  Location     Type
		None
 Return value:  Size  Location     Type
                  1    wreg      void 
 Registers used:
		wreg, status,2, status,0, pclath, cstack
 Tracked objects:
		On entry : 
		On exit  : 
		Unchanged: 
 Data sizes:     COMMON   BANK0   BANK1   BANK3   BANK2
      Params:         0       0       0       0       0
      Locals:         0       0       0       0       0
      Temps:          0       0       0       0       0
      Totals:         0       0       0       0       0
Total ram usage:        0 bytes
 Hardware stack levels used:    1
 Hardware stack levels required when called:    1
 This function calls:
		_I2C_Wait
 This function is called by:
		_RTC_Get
		_RTC_Read_Register
 This function uses a non-reentrant model


 *************** function _I2C_Read_Char *****************
 Defined at:
		line 102 in file "libraryUser/i2c-mater/i2c-master.c"
 Parameters:    Size  Location     Type
  ACK             1    wreg     unsigned char 
 Auto vars:     Size  Location     Type
  ACK             1    1[COMMON] unsigned char 
  _data           1    2[COMMON] unsigned char 
 Return value:  Size  Location     Type
                  1    wreg      unsigned char 
 Registers used:
		wreg, status,2, status,0, pclath, cstack
 Tracked objects:
		On entry : 
		On exit  : 
		Unchanged: 
 Data sizes:     COMMON   BANK0   BANK1   BANK3   BANK2
      Params:         0       0       0       0       0
      Locals:         2       0       0       0       0
      Temps:          1       0       0       0       0
      Totals:         3       0       0       0       0
Total ram usage:        3 bytes
 Hardware stack levels used:    1
 Hardware stack levels required when called:    2
 This function calls:
		_I2C_ACK
		_I2C_NACK
		_I2C_Wait
 This function is called by:
		_RTC_Get
		_RTC_Read_Register
 This function uses a non-reentrant model


 *************** function _I2C_NACK *****************
 Defined at:
		line 78 in file "libraryUser/i2c-mater/i2c-master.c"
 Parameters:    Size  Location     Type
		None
 Auto vars:     Size  Location     Type
		None
 Return value:  Size  Location     Type
                  1    wreg      void 
 Registers used:
		wreg, status,2, status,0, pclath, cstack
 Tracked objects:
		On entry : 
		On exit  : 
		Unchanged: 
 Data sizes:     COMMON   BANK0   BANK1   BANK3   BANK2
      Params:         0       0       0       0       0
      Locals:         0       0       0       0       0
      Temps:          0       0       0       0       0
      Totals:         0       0       0       0       0
Total ram usage:        0 bytes
 Hardware stack levels used:    1
 Hardware stack levels required when called:    1
 This function calls:
		_I2C_Wait
 This function is called by:
		_I2C_Read_Char
 This function uses a non-reentrant model


 *************** function _I2C_ACK *****************
 Defined at:
		line 65 in file "libraryUser/i2c-mater/i2c-master.c"
 Parameters:    Size  Location     Type
		None
 Auto vars:     Size  Location     Type
		None
 Return value:  Size  Location     Type
                  1    wreg      void 
 Registers used:
		wreg, status,2, status,0, pclath, cstack
 Tracked objects:
		On entry : 
		On exit  : 
		Unchanged: 
 Data sizes:     COMMON   BANK0   BANK1   BANK3   BANK2
      Params:         0       0       0       0       0
      Locals:         0       0       0       0       0
      Temps:          0       0       0       0       0
      Totals:         0       0       0       0       0
Total ram usage:        0 bytes
 Hardware stack levels used:    1
 Hardware stack levels required when called:    1
 This function calls:
		_I2C_Wait
 This function is called by:
		_I2C_Read_Char
 This function uses a non-reentrant model


 *************** function _I2C_Wait *****************
 Defined at:
		line 25 in file "libraryUser/i2c-mater/i2c-master.c"
 Parameters:    Size  Location     Type
		None
 Auto vars:     Size  Location     Type
		None
 Return value:  Size  Location     Type
                  1    wreg      void 
 Registers used:
		wreg, status,2
 Tracked objects:
		On entry : 
		On exit  : 
		Unchanged: 
 Data sizes:     COMMON   BANK0   BANK1   BANK3   BANK2
      Params:         0       0       0       0       0
      Locals:         0       0       0       0       0
      Temps:          0       0       0       0       0
      Totals:         0       0       0       0       0
Total ram usage:        0 bytes
 Hardware stack levels used:    1
 This function calls:
		Nothing
 This function is called by:
		_I2C_Start
		_I2C_Restart
		_I2C_Stop
		_I2C_ACK
		_I2C_NACK
		_I2C_Write_Char
		_I2C_Read_Char
 This function uses a non-reentrant model


 *************** function _LCD_Init *****************
 Defined at:
		line 113 in file "libraryUser/lcd-4-wire/lcd.c"
 Parameters:    Size  Location     Type
		None
 Auto vars:     Size  Location     Type
		None
 Return value:  Size  Location     Type
                  1    wreg      void 
 Registers used:
		wreg, status,2, status,0, pclath, cstack
 Tracked objects:
		On entry : 
		On exit  : 
		Unchanged: 
 Data sizes:     COMMON   BANK0   BANK1   BANK3   BANK2
      Params:         0       0       0       0       0
      Locals:         0       0       0       0       0
      Temps:          2       0       0       0       0
      Totals:         2       0       0       0       0
Total ram usage:        2 bytes
 Hardware stack levels used:    1
 Hardware stack levels required when called:    2
 This function calls:
		_LCD_CMD
		_LCD_DATA
 This function is called by:
		_main
 This function uses a non-reentrant model


 *************** function _I2C_Master_Init *****************
 Defined at:
		line 6 in file "libraryUser/i2c-mater/i2c-master.c"
 Parameters:    Size  Location     Type
  I2C_BaudRate    4    0[BANK0 ] const unsigned long 
 Auto vars:     Size  Location     Type
		None
 Return value:  Size  Location     Type
                  1    wreg      void 
 Registers used:
		wreg, status,2, status,0, pclath, cstack
 Tracked objects:
		On entry : 
		On exit  : 
		Unchanged: 
 Data sizes:     COMMON   BANK0   BANK1   BANK3   BANK2
      Params:         0       4       0       0       0
      Locals:         0       0       0       0       0
      Temps:          0       4       0       0       0
      Totals:         0       8       0       0       0
Total ram usage:        8 bytes
 Hardware stack levels used:    1
 Hardware stack levels required when called:    1
 This function calls:
		___lldiv
 This function is called by:
		_main
 This function uses a non-reentrant model


 *************** function ___lldiv *****************
 Defined at:
		line 5 in file "C:\Program Files\Microchip\xc8\v2.30\pic\sources\c90\common\__lldiv.c"
 Parameters:    Size  Location     Type
  divisor         4    0[COMMON] unsigned long 
  dividend        4    4[COMMON] unsigned long 
 Auto vars:     Size  Location     Type
  quotient        4    9[COMMON] unsigned long 
  counter         1   13[COMMON] unsigned char 
 Return value:  Size  Location     Type
                  4    0[COMMON] unsigned long 
 Registers used:
		wreg, status,2, status,0
 Tracked objects:
		On entry : 
		On exit  : 
		Unchanged: 
 Data sizes:     COMMON   BANK0   BANK1   BANK3   BANK2
      Params:         8       0       0       0       0
      Locals:         5       0       0       0       0
      Temps:          1       0       0       0       0
      Totals:        14       0       0       0       0
Total ram usage:       14 bytes
 Hardware stack levels used:    1
 This function calls:
		Nothing
 This function is called by:
		_I2C_Master_Init
 This function uses a non-reentrant model


 *************** function _Edit *****************
 Defined at:
		line 116 in file "main3.c"
 Parameters:    Size  Location     Type
  x               1    wreg     unsigned char 
  y               1    0[BANK0 ] unsigned char 
  parameter       1    1[BANK0 ] unsigned char 
 Auto vars:     Size  Location     Type
  x               1   13[COMMON] unsigned char 
 Return value:  Size  Location     Type
                  1    wreg      unsigned char 
 Registers used:
		wreg, fsr0l, fsr0h, status,2, status,0, btemp+1, pclath, cstack
 Tracked objects:
		On entry : 
		On exit  : 
		Unchanged: 
 Data sizes:     COMMON   BANK0   BANK1   BANK3   BANK2
      Params:         0       2       0       0       0
      Locals:         1       0       0       0       0
      Temps:          0       3       0       0       0
      Totals:         1       5       0       0       0
Total ram usage:        6 bytes
 Hardware stack levels used:    1
 Hardware stack levels required when called:    3
 This function calls:
		_Blink
		_Debounce
		_LCD_Set_Cursor
		_LCD_Write_Char
		_LCD_Write_String
		___awdiv
		___awmod
 This function is called by:
		_main
 This function uses a non-reentrant model


 *************** function ___awmod *****************
 Defined at:
		line 5 in file "C:\Program Files\Microchip\xc8\v2.30\pic\sources\c90\common\awmod.c"
 Parameters:    Size  Location     Type
  divisor         2    0[COMMON] int 
  dividend        2    2[COMMON] int 
 Auto vars:     Size  Location     Type
  sign            1    6[COMMON] unsigned char 
  counter         1    5[COMMON] unsigned char 
 Return value:  Size  Location     Type
                  2    0[COMMON] int 
 Registers used:
		wreg, status,2, status,0
 Tracked objects:
		On entry : 
		On exit  : 
		Unchanged: 
 Data sizes:     COMMON   BANK0   BANK1   BANK3   BANK2
      Params:         4       0       0       0       0
      Locals:         2       0       0       0       0
      Temps:          1       0       0       0       0
      Totals:         7       0       0       0       0
Total ram usage:        7 bytes
 Hardware stack levels used:    1
 This function calls:
		Nothing
 This function is called by:
		_decimal_to_bcd
		_Edit
 This function uses a non-reentrant model


 *************** function ___awdiv *****************
 Defined at:
		line 5 in file "C:\Program Files\Microchip\xc8\v2.30\pic\sources\c90\common\awdiv.c"
 Parameters:    Size  Location     Type
  divisor         2    0[COMMON] int 
  dividend        2    2[COMMON] int 
 Auto vars:     Size  Location     Type
  quotient        2    7[COMMON] int 
  sign            1    6[COMMON] unsigned char 
  counter         1    5[COMMON] unsigned char 
 Return value:  Size  Location     Type
                  2    0[COMMON] int 
 Registers used:
		wreg, status,2, status,0
 Tracked objects:
		On entry : 
		On exit  : 
		Unchanged: 
 Data sizes:     COMMON   BANK0   BANK1   BANK3   BANK2
      Params:         4       0       0       0       0
      Locals:         4       0       0       0       0
      Temps:          1       0       0       0       0
      Totals:         9       0       0       0       0
Total ram usage:        9 bytes
 Hardware stack levels used:    1
 This function calls:
		Nothing
 This function is called by:
		_decimal_to_bcd
		_Edit
 This function uses a non-reentrant model


 *************** function _LCD_Write_String *****************
 Defined at:
		line 166 in file "libraryUser/lcd-4-wire/lcd.c"
 Parameters:    Size  Location     Type
  str             2    6[COMMON] PTR unsigned char 
		 -> STR_20(3), RTC_Print@buffer(25), STR_15(6), 
 Auto vars:     Size  Location     Type
  i               2   11[COMMON] int 
 Return value:  Size  Location     Type
                  1    wreg      void 
 Registers used:
		wreg, fsr0l, fsr0h, status,2, status,0, btemp+1, pclath, cstack
 Tracked objects:
		On entry : 
		On exit  : 
		Unchanged: 
 Data sizes:     COMMON   BANK0   BANK1   BANK3   BANK2
      Params:         2       0       0       0       0
      Locals:         2       0       0       0       0
      Temps:          3       0       0       0       0
      Totals:         7       0       0       0       0
Total ram usage:        7 bytes
 Hardware stack levels used:    1
 Hardware stack levels required when called:    2
 This function calls:
		_LCD_Write_Char
 This function is called by:
		_main
		_RTC_Print
		_Edit
		_LCD_Write_StringXY
 This function uses a non-reentrant model


 *************** function _LCD_Write_Char *****************
 Defined at:
		line 143 in file "libraryUser/lcd-4-wire/lcd.c"
 Parameters:    Size  Location     Type
  Data            1    wreg     unsigned char 
 Auto vars:     Size  Location     Type
  Data            1    5[COMMON] unsigned char 
  High4           1    4[COMMON] unsigned char 
  Low4            1    3[COMMON] unsigned char 
 Return value:  Size  Location     Type
                  1    wreg      void 
 Registers used:
		wreg, status,2, status,0, pclath, cstack
 Tracked objects:
		On entry : 
		On exit  : 
		Unchanged: 
 Data sizes:     COMMON   BANK0   BANK1   BANK3   BANK2
      Params:         0       0       0       0       0
      Locals:         3       0       0       0       0
      Temps:          2       0       0       0       0
      Totals:         5       0       0       0       0
Total ram usage:        5 bytes
 Hardware stack levels used:    1
 Hardware stack levels required when called:    1
 This function calls:
		_LCD_DATA
 This function is called by:
		_LCD_Write_String
		_Edit
		_LCD_Write_Number
		_LCD_Write_CharXY
 This function uses a non-reentrant model


 *************** function _LCD_Set_Cursor *****************
 Defined at:
		line 68 in file "libraryUser/lcd-4-wire/lcd.c"
 Parameters:    Size  Location     Type
  row             1    wreg     unsigned char 
  column          1    4[COMMON] unsigned char 
 Auto vars:     Size  Location     Type
  row             1    7[COMMON] unsigned char 
  Temp            1   10[COMMON] unsigned char 
  High4           1    9[COMMON] unsigned char 
  Low4            1    8[COMMON] unsigned char 
 Return value:  Size  Location     Type
                  1    wreg      void 
 Registers used:
		wreg, status,2, status,0, pclath, cstack
 Tracked objects:
		On entry : 
		On exit  : 
		Unchanged: 
 Data sizes:     COMMON   BANK0   BANK1   BANK3   BANK2
      Params:         1       0       0       0       0
      Locals:         4       0       0       0       0
      Temps:          2       0       0       0       0
      Totals:         7       0       0       0       0
Total ram usage:        7 bytes
 Hardware stack levels used:    1
 Hardware stack levels required when called:    2
 This function calls:
		_LCD_CMD
 This function is called by:
		_main
		_RTC_Print
		_Edit
		_LCD_Write_CharXY
		_LCD_Write_StringXY
		_LCD_Write_NumberXY
 This function uses a non-reentrant model


 *************** function _LCD_CMD *****************
 Defined at:
		line 33 in file "libraryUser/lcd-4-wire/lcd.c"
 Parameters:    Size  Location     Type
  CMD             1    wreg     unsigned char 
 Auto vars:     Size  Location     Type
  CMD             1    3[COMMON] unsigned char 
 Return value:  Size  Location     Type
                  1    wreg      void 
 Registers used:
		wreg, status,2, status,0, pclath, cstack
 Tracked objects:
		On entry : 
		On exit  : 
		Unchanged: 
 Data sizes:     COMMON   BANK0   BANK1   BANK3   BANK2
      Params:         0       0       0       0       0
      Locals:         1       0       0       0       0
      Temps:          2       0       0       0       0
      Totals:         3       0       0       0       0
Total ram usage:        3 bytes
 Hardware stack levels used:    1
 Hardware stack levels required when called:    1
 This function calls:
		_LCD_DATA
 This function is called by:
		_LCD_Set_Cursor
		_LCD_Init
		_LCD_Clear
		_LCD_SL
		_LCD_SR
 This function uses a non-reentrant model


 *************** function _LCD_DATA *****************
 Defined at:
		line 6 in file "libraryUser/lcd-4-wire/lcd.c"
 Parameters:    Size  Location     Type
  Data            1    wreg     unsigned char 
 Auto vars:     Size  Location     Type
  Data            1    0[COMMON] unsigned char 
 Return value:  Size  Location     Type
                  1    wreg      void 
 Registers used:
		wreg
 Tracked objects:
		On entry : 
		On exit  : 
		Unchanged: 
 Data sizes:     COMMON   BANK0   BANK1   BANK3   BANK2
      Params:         0       0       0       0       0
      Locals:         1       0       0       0       0
      Temps:          0       0       0       0       0
      Totals:         1       0       0       0       0
Total ram usage:        1 bytes
 Hardware stack levels used:    1
 This function calls:
		Nothing
 This function is called by:
		_LCD_CMD
		_LCD_Init
		_LCD_Write_Char
 This function uses a non-reentrant model


 *************** function _Debounce *****************
 Defined at:
		line 79 in file "main3.c"
 Parameters:    Size  Location     Type
		None
 Auto vars:     Size  Location     Type
  i               1    3[COMMON] unsigned char 
  count           1    2[COMMON] unsigned char 
 Return value:  Size  Location     Type
		None               void
 Registers used:
		wreg, status,2, status,0
 Tracked objects:
		On entry : 
		On exit  : 
		Unchanged: 
 Data sizes:     COMMON   BANK0   BANK1   BANK3   BANK2
      Params:         0       0       0       0       0
      Locals:         2       0       0       0       0
      Temps:          2       0       0       0       0
      Totals:         4       0       0       0       0
Total ram usage:        4 bytes
 Hardware stack levels used:    1
 This function calls:
		Nothing
 This function is called by:
		_main
		_Edit
 This function uses a non-reentrant model


 *************** function _Blink *****************
 Defined at:
		line 101 in file "main3.c"
 Parameters:    Size  Location     Type
		None
 Auto vars:     Size  Location     Type
  j               1    2[COMMON] unsigned char 
 Return value:  Size  Location     Type
                  1    wreg      void 
 Registers used:
		wreg, status,2, status,0
 Tracked objects:
		On entry : 
		On exit  : 
		Unchanged: 
 Data sizes:     COMMON   BANK0   BANK1   BANK3   BANK2
      Params:         0       0       0       0       0
      Locals:         1       0       0       0       0
      Temps:          2       0       0       0       0
      Totals:         3       0       0       0       0
Total ram usage:        3 bytes
 Hardware stack levels used:    1
 This function calls:
		Nothing
 This function is called by:
		_Edit
 This function uses a non-reentrant model


 *************** function _ADC_Off *****************
 Defined at:
		line 166 in file "main3.c"
 Parameters:    Size  Location     Type
		None
 Auto vars:     Size  Location     Type
		None
 Return value:  Size  Location     Type
                  1    wreg      void 
 Registers used:
		wreg
 Tracked objects:
		On entry : 
		On exit  : 
		Unchanged: 
 Data sizes:     COMMON   BANK0   BANK1   BANK3   BANK2
      Params:         0       0       0       0       0
      Locals:         0       0       0       0       0
      Temps:          0       0       0       0       0
      Totals:         0       0       0       0       0
Total ram usage:        0 bytes
 Hardware stack levels used:    1
 This function calls:
		Nothing
 This function is called by:
		_main
 This function uses a non-reentrant model



MODULE INFORMATION

Module		Function		Class		Link	Load	Size
C:\Program Files\Microchip\xc8\v2.30\pic\sources\c90\common\lwmod.c
		___lwmod       		CODE           	0D60	0000	58

C:\Program Files\Microchip\xc8\v2.30\pic\sources\c90\common\lwmod.c estimated size: 58

main3.c
		_RTC_Print     		CODE           	0149	0000	172
		_ADC_Off       		CODE           	0B3F	0000	5
		_main          		CODE           	03AB	0000	266
		_Edit          		CODE           	04B5	0000	274
		_Blink         		CODE           	0BED	0000	32
		_Debounce      		CODE           	0C79	0000	41

main3.c estimated size: 790

libraryUser/i2c-mater/i2c-master.c
		_I2C_Master_Init		CODE           	0D27	0000	57
		_I2C_Stop      		CODE           	0B5D	0000	9
		_I2C_Wait      		CODE           	0B7E	0000	13
		_I2C_Write_Char		CODE           	0B8B	0000	16
		_I2C_Read_Char 		CODE           	0CA2	0000	43
		_I2C_ACK       		CODE           	0B66	0000	12
		_I2C_NACK      		CODE           	0B72	0000	12
		_I2C_Start     		CODE           	0B54	0000	9
		_I2C_Restart   		CODE           	0B4B	0000	9

libraryUser/i2c-mater/i2c-master.c estimated size: 180

libraryUser/lcd-4-wire/lcd.c
		_LCD_Init      		CODE           	0F99	0000	103
		_LCD_Write_Char		CODE           	0E20	0000	83
		_LCD_CMD       		CODE           	0C2F	0000	37
		_LCD_DATA      		CODE           	0C0D	0000	34
		_LCD_Set_Cursor		CODE           	00A4	0000	165
		_LCD_Write_String		CODE           	0D9A	0000	66

libraryUser/lcd-4-wire/lcd.c estimated size: 488

C:\Program Files\Microchip\xc8\v2.30\pic\sources\c90\common\__lldiv.c
		___lldiv       		CODE           	0ECC	0000	102

C:\Program Files\Microchip\xc8\v2.30\pic\sources\c90\common\__lldiv.c estimated size: 102

C:\Program Files\Microchip\xc8\v2.30\pic\sources\c90\common\awmod.c
		___awmod       		CODE           	0E73	0000	89

C:\Program Files\Microchip\xc8\v2.30\pic\sources\c90\common\awmod.c estimated size: 89

C:\Program Files\Microchip\xc8\v2.30\pic\sources\c90\common\lwdiv.c
		___lwdiv       		CODE           	0DDC	0000	68

C:\Program Files\Microchip\xc8\v2.30\pic\sources\c90\common\lwdiv.c estimated size: 68

C:\Program Files\Microchip\xc8\v2.30\pic\sources\c90\common\isdigit.c
		_isdigit       		CODE           	0B9B	0000	18

C:\Program Files\Microchip\xc8\v2.30\pic\sources\c90\common\isdigit.c estimated size: 18

C:\Program Files\Microchip\xc8\v2.30\pic\sources\c90\common\Umul8.c
		___bmul        		CODE           	0BC0	0000	21

C:\Program Files\Microchip\xc8\v2.30\pic\sources\c90\common\Umul8.c estimated size: 21

libraryUser/rtc-ds1307/rtc-ds1307.c
		_decimal_to_bcd		CODE           	0074	0000	48
		_bcd_to_decimal		CODE           	0BD5	0000	24
		_RTC_Get       		CODE           	01F5	0000	192
		_RTC_Set       		CODE           	02B5	0000	246
		_RTC_Read_Register		CODE           	0CFA	0000	45

libraryUser/rtc-ds1307/rtc-ds1307.c estimated size: 555

C:\Program Files\Microchip\xc8\v2.30\pic\sources\c90\common\doprnt.c
		_sprintf       		CODE           	05C7	0000	542

C:\Program Files\Microchip\xc8\v2.30\pic\sources\c90\common\doprnt.c estimated size: 542

C:\Program Files\Microchip\xc8\v2.30\pic\sources\c90\common\awdiv.c
		___awdiv       		CODE           	0F32	0000	103

C:\Program Files\Microchip\xc8\v2.30\pic\sources\c90\common\awdiv.c estimated size: 103

shared
		__stringtab    		STRING         	0003	0000	16
		_dpowers       		STRING         	0013	0000	10
		__initialization		CODE           	07E5	0000	23

shared estimated size: 49

C:\Program Files\Microchip\xc8\v2.30\pic\sources\c90\common\Umul16.c
		___wmul        		CODE           	0C54	0000	37

C:\Program Files\Microchip\xc8\v2.30\pic\sources\c90\common\Umul16.c estimated size: 37

C:\Program Files\Microchip\xc8\v2.30\pic\sources\c90\common\strcat.c
		_strcat        		CODE           	0CCD	0000	45

C:\Program Files\Microchip\xc8\v2.30\pic\sources\c90\common\strcat.c estimated size: 45

