Microchip MPLAB XC8 Compiler V2.30

Linker command line:

-W-3 --edf=C:\Program Files\Microchip\xc8\v2.30\pic\dat\en_msgs.txt -cn \
  -h+dist/default/production\display_from_0_to_9.X.production.sym \
  --cmf=dist/default/production\display_from_0_to_9.X.production.cmf -z \
  -Q16F877A -oC:\Users\NGUYEN~1\AppData\Local\Temp\sg0kx2 \
  --defsym=__MPLAB_BUILD=1 \
  -Mdist/default/production/display_from_0_to_9.X.production.map -E1 \
  -ver=XC8 Compiler --acfsm=1493 -ASTACK=0110h-016Fh -pstack=STACK \
  -ACODE=00h-07FFhx4 -ASTRCODE=00h-01FFFh -ASTRING=00h-0FFhx32 \
  -ACONST=00h-0FFhx32 -AENTRY=00h-0FFhx32 -ACOMMON=070h-07Fh \
  -ABANK0=020h-06Fh -ABANK1=0A0h-0EFh -ABANK2=0110h-016Fh \
  -ABANK3=0190h-01EFh -ARAM=020h-06Fh,0A0h-0EFh,0110h-016Fh,0190h-01EFh \
  -AABS1=020h-07Fh,0A0h-0EFh,0110h-016Fh,0190h-01EFh -ASFR0=00h-01Fh \
  -ASFR1=080h-09Fh -ASFR2=0100h-010Fh -ASFR3=0180h-018Fh \
  -ACONFIG=02007h-02007h -DCONFIG=2 -AIDLOC=02000h-02003h -DIDLOC=2 \
  -AEEDATA=00h-0FFh/02100h -peeprom_data=EEDATA -DEEDATA=2 -DCODE=2 \
  -DSTRCODE=2 -DSTRING=2 -DCONST=2 -DENTRY=2 \
  -preset_vec=00h,intentry,init,end_init -ppowerup=CODE -pcinit=CODE \
  -pfunctab=ENTRY -k C:\Users\NGUYEN~1\AppData\Local\Temp\sg0kxb.o \
  dist/default/production\display_from_0_to_9.X.production.o 

Object code version is 3.11

Machine type is 16F877A



                Name                               Link     Load   Length Selector   Space Scale
C:\Users\NGUYEN~1\AppData\Local\Temp\sg0kxb.o
                end_init                              0        0        3        0       0
                config                             2007     2007        1        0       4
dist/default/production\display_from_0_to_9.X.production.o
                cinit                               7E0      7E0       20      FC0       0
                config                             2007     2007        1        0       4
                text2                               6C8      6C8        C      D90       0
                text1                               6F9      6F9       3F      DF2       0
                maintext                            6D4      6D4       12      DA8       0
                cstackCOMMON                         70       70        7       70       1
                inittext                            6E6      6E6       13      DCC       0
                dataBANK3                           190      190       60      190       1
                dataBANK0                            20       20       48       20       1
                idataBANK3                          780      780       60      F00       0
                idataBANK0                          738      738       48      E70       0

TOTAL           Name                               Link     Load   Length     Space
        CLASS   STACK          

        CLASS   CODE           
                end_init                              0        0        3         0
                cinit                               7E0      7E0       20         0
                text2                               6C8      6C8        C         0
                text1                               6F9      6F9       3F         0
                maintext                            6D4      6D4       12         0
                inittext                            6E6      6E6       13         0
                idataBANK3                          780      780       60         0
                idataBANK0                          738      738       48         0

        CLASS   STRCODE        

        CLASS   STRING         

        CLASS   CONST          

        CLASS   ENTRY          

        CLASS   COMMON         
                cstackCOMMON                         70       70        7         1

        CLASS   BANK0          
                dataBANK0                            20       20       48         1

        CLASS   BANK1          

        CLASS   BANK2          

        CLASS   BANK3          
                dataBANK3                           190      190       60         1

        CLASS   RAM            

        CLASS   ABS1           
                abs_s1                               7E       7E        2         1

        CLASS   SFR0           

        CLASS   SFR1           

        CLASS   SFR2           

        CLASS   SFR3           

        CLASS   CONFIG         
                config                             2007     2007        1         4

        CLASS   IDLOC          

        CLASS   EEDATA         



SEGMENTS        Name                           Load    Length   Top    Selector   Space  Class     Delta

                reset_vec                      000000  000003  000003         0       0  CODE        2
                dataBANK0                      000020  000048  000068        20       1  BANK0       1
                cstackCOMMON                   000070  000007  000077        70       1  COMMON      1
                dataBANK3                      000190  000060  0001F0       190       1  BANK3       1
                text2                          0006C8  00000C  0006D4       D90       0  CODE        2
                maintext                       0006D4  000012  0006E6       DA8       0  CODE        2
                inittext                       0006E6  000013  0006F9       DCC       0  CODE        2
                text1                          0006F9  00003F  000738       DF2       0  CODE        2
                idataBANK0                     000738  000048  000780       E70       0  CODE        2
                idataBANK3                     000780  000060  0007E0       F00       0  CODE        2
                cinit                          0007E0  000020  000800       FC0       0  CODE        2


UNUSED ADDRESS RANGES

        Name                Unused          Largest block    Delta
        BANK0            0068-006F              8           1
        BANK1            00A0-00EF             50           1
        BANK2            0110-016F             60           1
        CODE             0003-06C7            6C5           2
                         0800-1FFF            800
        COMMON           0077-007D              7           1
        CONST            0003-06C7            100           2
                         0800-1FFF            100
        EEDATA           2100-21FF            100           2
        ENTRY            0003-06C7            100           2
                         0800-1FFF            100
        IDLOC            2000-2003              4           2
        RAM              0068-006F              8           1
                         00A0-00EF             50
                         0110-016F             60
        SFR0             0000-001F             20           1
        SFR1             0080-009F             20           1
        SFR2             0100-010F             10           1
        SFR3             0180-018F             10           1
        STACK            0110-016F             60           1
        STRCODE          0003-06C7            6C5           2
                         0800-1FFF           1800
        STRING           0003-06C7            100           2
                         0800-1FFF            100

                                  Symbol Table

_ADCON1                     (abs)        009F
_PORTB                      (abs)        0006
_PORTC                      (abs)        0007
_TRISB                      (abs)        0086
_TRISC                      (abs)        0087
__Habs1                     abs1         0000
__Hbank0                    bank0        0000
__Hbank1                    bank1        0000
__Hbank2                    bank2        0000
__Hbank3                    bank3        0000
__Hcinit                    cinit        0800
__Hclrtext                  clrtext      0000
__Hcode                     code         0000
__Hcommon                   common       0000
__Hconfig                   config       2008
__HcstackCOMMON             cstackCOMMON 0000
__HdataBANK0                dataBANK0    0000
__HdataBANK3                dataBANK3    0000
__Heeprom_data              eeprom_data  0000
__Hend_init                 end_init     0003
__Hfunctab                  functab      0000
__HidataBANK0               idataBANK0   0000
__HidataBANK3               idataBANK3   0000
__Hinit                     init         0000
__Hinittext                 inittext     0000
__Hintentry                 intentry     0000
__Hmaintext                 maintext     0000
__Hpowerup                  powerup      0000
__Hram                      ram          0000
__Hreset_vec                reset_vec    0000
__Hsfr0                     sfr0         0000
__Hsfr1                     sfr1         0000
__Hsfr2                     sfr2         0000
__Hsfr3                     sfr3         0000
__Hspace_0                  (abs)        0800
__Hspace_1                  (abs)        01F0
__Hspace_2                  (abs)        0000
__Hspace_3                  (abs)        0000
__Hspace_4                  (abs)        400F
__Hstack                    stack        0000
__Hstrings                  strings      0000
__Htext                     text         0000
__Labs1                     abs1         0000
__Lbank0                    bank0        0000
__Lbank1                    bank1        0000
__Lbank2                    bank2        0000
__Lbank3                    bank3        0000
__Lcinit                    cinit        07E0
__Lclrtext                  clrtext      0000
__Lcode                     code         0000
__Lcommon                   common       0000
__Lconfig                   config       0000
__LcstackCOMMON             cstackCOMMON 0000
__LdataBANK0                dataBANK0    0000
__LdataBANK3                dataBANK3    0000
__Leeprom_data              eeprom_data  0000
__Lend_init                 end_init     0000
__Lfunctab                  functab      0000
__LidataBANK0               idataBANK0   0000
__LidataBANK3               idataBANK3   0000
__Linit                     init         0000
__Linittext                 inittext     0000
__Lintentry                 intentry     0000
__Lmaintext                 maintext     0000
__Lpowerup                  powerup      0000
__Lram                      ram          0000
__Lreset_vec                reset_vec    0000
__Lsfr0                     sfr0         0000
__Lsfr1                     sfr1         0000
__Lsfr2                     sfr2         0000
__Lsfr3                     sfr3         0000
__Lspace_0                  (abs)        0000
__Lspace_1                  (abs)        0000
__Lspace_2                  (abs)        0000
__Lspace_3                  (abs)        0000
__Lspace_4                  (abs)        0000
__Lstack                    stack        0000
__Lstrings                  strings      0000
__Ltext                     text         0000
__S0                        (abs)        0800
__S1                        (abs)        01F0
__S2                        (abs)        0000
__S3                        (abs)        0000
___int_sp                   stack        0000
___latbits                  (abs)        0002
___sp                       stack        0000
___stackhi                  (abs)        0000
___stacklo                  (abs)        0000
__end_of__initialization    cinit        07FC
__end_of_initSystem         text2        06D4
__end_of_light_character_k  text1        0738
__end_of_main               maintext     06E6
__initialization            cinit        07E0
__pcstackCOMMON             cstackCOMMON 0070
__pdataBANK0                dataBANK0    0020
__pdataBANK3                dataBANK3    0190
__pidataBANK0               idataBANK0   0738
__pidataBANK3               idataBANK3   0780
__pmaintext                 maintext     06D4
__ptext1                    text1        06F9
__ptext2                    text2        06C8
__size_of_initSystem        (abs)        0000
__size_of_light_character_k (abs)        0000
__size_of_main              (abs)        0000
_control                    dataBANK0    0060
_data                       dataBANK3    0190
_initSystem                 text2        06C8
_light_character_k          text1        06F9
_main                       maintext     06D4
btemp                       (abs)        007E
end_of_initialization       cinit        07FC
hienThiViTriCoDinhN@F1009   dataBANK0    0048
init_fetch0                 inittext     06E6
init_ram0                   inittext     06EA
intlevel0                   functab      0000
intlevel1                   functab      0000
intlevel2                   functab      0000
intlevel3                   functab      0000
intlevel4                   functab      0000
intlevel5                   functab      0000
light_character_k@k         cstackCOMMON 0070
light_character_k@n         cstackCOMMON 0075
reset_vec                   reset_vec    0000
run_char@F1014              dataBANK0    0020
start                       init         0000
start_initialization        cinit        07E0
wtemp0                      (abs)        007E


FUNCTION INFORMATION:

 *************** function _main *****************
 Defined at:
		line 23 in file "main.c"
 Parameters:    Size  Location     Type
		None
 Auto vars:     Size  Location     Type
		None
 Return value:  Size  Location     Type
                  1    wreg      void 
 Registers used:
		wreg, fsr0l, fsr0h, status,2, status,0, btemp+1, pclath, cstack
 Tracked objects:
		On entry : 
		On exit  : 
		Unchanged: 
 Data sizes:     COMMON   BANK0   BANK1   BANK3   BANK2
      Params:         0       0       0       0       0
      Locals:         0       0       0       0       0
      Temps:          0       0       0       0       0
      Totals:         0       0       0       0       0
Total ram usage:        0 bytes
 Hardware stack levels required when called:    1
 This function calls:
		_initSystem
		_light_character_k
 This function is called by:
		Startup code after reset
 This function uses a non-reentrant model


 *************** function _light_character_k *****************
 Defined at:
		line 42 in file "ledMatrix.c"
 Parameters:    Size  Location     Type
  k               2    0[COMMON] int 
 Auto vars:     Size  Location     Type
  n               2    5[COMMON] int 
 Return value:  Size  Location     Type
                  1    wreg      void 
 Registers used:
		wreg, fsr0l, fsr0h, status,2, status,0, btemp+1
 Tracked objects:
		On entry : 
		On exit  : 
		Unchanged: 
 Data sizes:     COMMON   BANK0   BANK1   BANK3   BANK2
      Params:         2       0       0       0       0
      Locals:         2       0       0       0       0
      Temps:          3       0       0       0       0
      Totals:         7       0       0       0       0
Total ram usage:        7 bytes
 Hardware stack levels used:    1
 This function calls:
		Nothing
 This function is called by:
		_main
		_light_from_0_to_9
 This function uses a non-reentrant model


 *************** function _initSystem *****************
 Defined at:
		line 36 in file "main.c"
 Parameters:    Size  Location     Type
		None
 Auto vars:     Size  Location     Type
		None
 Return value:  Size  Location     Type
                  1    wreg      void 
 Registers used:
		wreg, status,2
 Tracked objects:
		On entry : 
		On exit  : 
		Unchanged: 
 Data sizes:     COMMON   BANK0   BANK1   BANK3   BANK2
      Params:         0       0       0       0       0
      Locals:         0       0       0       0       0
      Temps:          0       0       0       0       0
      Totals:         0       0       0       0       0
Total ram usage:        0 bytes
 Hardware stack levels used:    1
 This function calls:
		Nothing
 This function is called by:
		_main
 This function uses a non-reentrant model



MODULE INFORMATION

Module		Function		Class		Link	Load	Size
ledMatrix.c
		_light_character_k		CODE           	06F9	0000	63

ledMatrix.c estimated size: 63

shared
		__initialization		CODE           	07E0	0000	28

shared estimated size: 28

main.c
		_initSystem    		CODE           	06C8	0000	12
		_main          		CODE           	06D4	0000	18

main.c estimated size: 30

