Microchip MPLAB XC8 Compiler V2.30

Linker command line:

-W-3 --edf=C:\Program Files\Microchip\xc8\v2.30\pic\dat\en_msgs.txt -cn \
  -h+dist/default/production\display_from_0_to_9.X.production.sym \
  --cmf=dist/default/production\display_from_0_to_9.X.production.cmf -z \
  -Q16F877A -oC:\Users\NGUYEN~1\AppData\Local\Temp\sl2ox2 \
  --defsym=__MPLAB_BUILD=1 \
  -Mdist/default/production/display_from_0_to_9.X.production.map -E1 \
  -ver=XC8 Compiler --acfsm=1493 -ASTACK=0110h-016Fh -pstack=STACK \
  -ACODE=00h-07FFhx4 -ASTRCODE=00h-01FFFh -ASTRING=00h-0FFhx32 \
  -ACONST=00h-0FFhx32 -AENTRY=00h-0FFhx32 -ACOMMON=070h-07Fh \
  -ABANK0=020h-06Fh -ABANK1=0A0h-0EFh -ABANK2=0110h-016Fh \
  -ABANK3=0190h-01EFh -ARAM=020h-06Fh,0A0h-0EFh,0110h-016Fh,0190h-01EFh \
  -AABS1=020h-07Fh,0A0h-0EFh,0110h-016Fh,0190h-01EFh -ASFR0=00h-01Fh \
  -ASFR1=080h-09Fh -ASFR2=0100h-010Fh -ASFR3=0180h-018Fh \
  -ACONFIG=02007h-02007h -DCONFIG=2 -AIDLOC=02000h-02003h -DIDLOC=2 \
  -AEEDATA=00h-0FFh/02100h -peeprom_data=EEDATA -DEEDATA=2 -DCODE=2 \
  -DSTRCODE=2 -DSTRING=2 -DCONST=2 -DENTRY=2 \
  -preset_vec=00h,intentry,init,end_init -ppowerup=CODE -pcinit=CODE \
  -pfunctab=ENTRY -k C:\Users\NGUYEN~1\AppData\Local\Temp\sl2oxb.o \
  dist/default/production\display_from_0_to_9.X.production.o 

Object code version is 3.11

Machine type is 16F877A



                Name                               Link     Load   Length Selector   Space Scale
C:\Users\NGUYEN~1\AppData\Local\Temp\sl2oxb.o
                end_init                              0        0        3        0       0
                config                             2007     2007        1        0       4
dist/default/production\display_from_0_to_9.X.production.o
                cinit                               7D3      7D3       2D      FA6       0
                config                             2007     2007        1        0       4
                text3                               6EC      6EC       44      DD8       0
                text2                               68B      68B       19      D16       0
                text1                               780      780       53      F00       0
                maintext                            665      665       13      CCA       0
                cstackBANK0                          20       20       2A       20       1
                cstackCOMMON                         70       70        C       70       1
                inittext                            678      678       13      CF0       0
                dataBANK3                           190      190       50      190       1
                dataBANK1                            A0       A0       28       A0       1
                dataBANK0                            4A       4A       20       20       1
                idataBANK3                          730      730       50      E60       0
                idataBANK1                          6C4      6C4       28      D88       0
                idataBANK0                          6A4      6A4       20      D48       0

TOTAL           Name                               Link     Load   Length     Space
        CLASS   STACK          

        CLASS   CODE           
                end_init                              0        0        3         0
                cinit                               7D3      7D3       2D         0
                text3                               6EC      6EC       44         0
                text2                               68B      68B       19         0
                text1                               780      780       53         0
                maintext                            665      665       13         0
                inittext                            678      678       13         0
                idataBANK3                          730      730       50         0
                idataBANK1                          6C4      6C4       28         0
                idataBANK0                          6A4      6A4       20         0

        CLASS   STRCODE        

        CLASS   STRING         

        CLASS   CONST          

        CLASS   ENTRY          

        CLASS   COMMON         
                cstackCOMMON                         70       70        C         1

        CLASS   BANK0          
                cstackBANK0                          20       20       2A         1
                dataBANK0                            4A       4A       20         1

        CLASS   BANK1          
                dataBANK1                            A0       A0       28         1

        CLASS   BANK2          

        CLASS   BANK3          
                dataBANK3                           190      190       50         1

        CLASS   RAM            

        CLASS   ABS1           
                abs_s1                               7E       7E        2         1

        CLASS   SFR0           

        CLASS   SFR1           

        CLASS   SFR2           

        CLASS   SFR3           

        CLASS   CONFIG         
                config                             2007     2007        1         4

        CLASS   IDLOC          

        CLASS   EEDATA         



SEGMENTS        Name                           Load    Length   Top    Selector   Space  Class     Delta

                reset_vec                      000000  000003  000003         0       0  CODE        2
                cstackBANK0                    000020  00004A  00006A        20       1  BANK0       1
                cstackCOMMON                   000070  00000C  00007C        70       1  COMMON      1
                dataBANK1                      0000A0  000028  0000C8        A0       1  BANK1       1
                dataBANK3                      000190  000050  0001E0       190       1  BANK3       1
                maintext                       000665  000013  000678       CCA       0  CODE        2
                inittext                       000678  000013  00068B       CF0       0  CODE        2
                text2                          00068B  000019  0006A4       D16       0  CODE        2
                idataBANK0                     0006A4  000020  0006C4       D48       0  CODE        2
                idataBANK1                     0006C4  000028  0006EC       D88       0  CODE        2
                text3                          0006EC  000044  000730       DD8       0  CODE        2
                idataBANK3                     000730  000050  000780       E60       0  CODE        2
                text1                          000780  000053  0007D3       F00       0  CODE        2
                cinit                          0007D3  00002D  000800       FA6       0  CODE        2


UNUSED ADDRESS RANGES

        Name                Unused          Largest block    Delta
        BANK0            006A-006F              6           1
        BANK1            00C8-00EF             28           1
        BANK2            0110-016F             60           1
        BANK3            01E0-01EF             10           1
        CODE             0003-0664            662           2
                         0800-1FFF            800
        COMMON           007C-007D              2           1
        CONST            0003-0664            100           2
                         0800-1FFF            100
        EEDATA           2100-21FF            100           2
        ENTRY            0003-0664            100           2
                         0800-1FFF            100
        IDLOC            2000-2003              4           2
        RAM              006A-006F              6           1
                         00C8-00EF             28
                         0110-016F             60
                         01E0-01EF             10
        SFR0             0000-001F             20           1
        SFR1             0080-009F             20           1
        SFR2             0100-010F             10           1
        SFR3             0180-018F             10           1
        STACK            0110-016F             60           1
        STRCODE          0003-0664            662           2
                         0800-1FFF           1800
        STRING           0003-0664            100           2
                         0800-1FFF            100

                                  Symbol Table

?_strlen                      cstackCOMMON 0070
Display_Led_Matrix@Code       cstackCOMMON 0074
Display_Led_Matrix@Code_Shift cstackCOMMON 0076
Display_Led_Matrix@Index      cstackCOMMON 0075
Display_Led_Matrix@array      cstackCOMMON 0070
Display_Led_Matrix@i          cstackCOMMON 0077
_ADCON1                       (abs)        009F
_Display_Led_Matrix           text3        06EC
_PORTB                        (abs)        0006
_PORTC                        (abs)        0007
_TRISB                        (abs)        0086
_TRISC                        (abs)        0087
__Habs1                       abs1         0000
__Hbank0                      bank0        0000
__Hbank1                      bank1        0000
__Hbank2                      bank2        0000
__Hbank3                      bank3        0000
__Hcinit                      cinit        0800
__Hclrtext                    clrtext      0000
__Hcode                       code         0000
__Hcommon                     common       0000
__Hconfig                     config       2008
__HcstackBANK0                cstackBANK0  0000
__HcstackCOMMON               cstackCOMMON 0000
__HdataBANK0                  dataBANK0    0000
__HdataBANK1                  dataBANK1    0000
__HdataBANK3                  dataBANK3    0000
__Heeprom_data                eeprom_data  0000
__Hend_init                   end_init     0003
__Hfunctab                    functab      0000
__HidataBANK0                 idataBANK0   0000
__HidataBANK1                 idataBANK1   0000
__HidataBANK3                 idataBANK3   0000
__Hinit                       init         0000
__Hinittext                   inittext     0000
__Hintentry                   intentry     0000
__Hmaintext                   maintext     0000
__Hpowerup                    powerup      0000
__Hram                        ram          0000
__Hreset_vec                  reset_vec    0000
__Hsfr0                       sfr0         0000
__Hsfr1                       sfr1         0000
__Hsfr2                       sfr2         0000
__Hsfr3                       sfr3         0000
__Hspace_0                    (abs)        0800
__Hspace_1                    (abs)        01E0
__Hspace_2                    (abs)        0000
__Hspace_3                    (abs)        0000
__Hspace_4                    (abs)        400F
__Hstack                      stack        0000
__Hstrings                    strings      0000
__Htext                       text         0000
__Labs1                       abs1         0000
__Lbank0                      bank0        0000
__Lbank1                      bank1        0000
__Lbank2                      bank2        0000
__Lbank3                      bank3        0000
__Lcinit                      cinit        07D3
__Lclrtext                    clrtext      0000
__Lcode                       code         0000
__Lcommon                     common       0000
__Lconfig                     config       0000
__LcstackBANK0                cstackBANK0  0000
__LcstackCOMMON               cstackCOMMON 0000
__LdataBANK0                  dataBANK0    0000
__LdataBANK1                  dataBANK1    0000
__LdataBANK3                  dataBANK3    0000
__Leeprom_data                eeprom_data  0000
__Lend_init                   end_init     0000
__Lfunctab                    functab      0000
__LidataBANK0                 idataBANK0   0000
__LidataBANK1                 idataBANK1   0000
__LidataBANK3                 idataBANK3   0000
__Linit                       init         0000
__Linittext                   inittext     0000
__Lintentry                   intentry     0000
__Lmaintext                   maintext     0000
__Lpowerup                    powerup      0000
__Lram                        ram          0000
__Lreset_vec                  reset_vec    0000
__Lsfr0                       sfr0         0000
__Lsfr1                       sfr1         0000
__Lsfr2                       sfr2         0000
__Lsfr3                       sfr3         0000
__Lspace_0                    (abs)        0000
__Lspace_1                    (abs)        0000
__Lspace_2                    (abs)        0000
__Lspace_3                    (abs)        0000
__Lspace_4                    (abs)        0000
__Lstack                      stack        0000
__Lstrings                    strings      0000
__Ltext                       text         0000
__S0                          (abs)        0800
__S1                          (abs)        01E0
__S2                          (abs)        0000
__S3                          (abs)        0000
___int_sp                     stack        0000
___latbits                    (abs)        0002
___sp                         stack        0000
___stackhi                    (abs)        0000
___stacklo                    (abs)        0000
__end_of_Display_Led_Matrix   text3        0730
__end_of__initialization      cinit        07FC
__end_of_main                 maintext     0678
__end_of_run_char             text1        07D3
__end_of_strlen               text2        06A4
__initialization              cinit        07D3
__pcstackBANK0                cstackBANK0  0020
__pcstackCOMMON               cstackCOMMON 0070
__pdataBANK0                  dataBANK0    004A
__pdataBANK1                  dataBANK1    00A0
__pdataBANK3                  dataBANK3    0190
__pidataBANK0                 idataBANK0   06A4
__pidataBANK1                 idataBANK1   06C4
__pidataBANK3                 idataBANK3   0730
__pmaintext                   maintext     0665
__ptext1                      text1        0780
__ptext2                      text2        068B
__ptext3                      text3        06EC
__size_of_Display_Led_Matrix  (abs)        0000
__size_of_main                (abs)        0000
__size_of_run_char            (abs)        0000
__size_of_strlen              (abs)        0000
_control                      dataBANK0    0062
_data                         dataBANK3    0190
_main                         maintext     0665
_run_char                     text1        0780
_strlen                       text2        068B
btemp                         (abs)        007E
end_of_initialization         cinit        07FC
hienThiViTriCoDinhN@F1005     dataBANK0    004A
init_fetch0                   inittext     0678
init_ram0                     inittext     067C
intlevel0                     functab      0000
intlevel1                     functab      0000
intlevel2                     functab      0000
intlevel3                     functab      0000
intlevel4                     functab      0000
intlevel5                     functab      0000
reset_vec                     reset_vec    0000
run_char@Array                cstackBANK0  0020
run_char@F1010                dataBANK1    00A0
run_char@Index                cstackBANK0  0048
run_char@i                    cstackBANK0  0049
start                         init         0000
start_initialization          cinit        07D3
strlen@cp                     cstackCOMMON 0074
strlen@s                      cstackCOMMON 0073
wtemp0                        (abs)        007E


FUNCTION INFORMATION:

 *************** function _main *****************
 Defined at:
		line 23 in file "main.c"
 Parameters:    Size  Location     Type
		None
 Auto vars:     Size  Location     Type
		None
 Return value:  Size  Location     Type
                  1    wreg      void 
 Registers used:
		wreg, fsr0l, fsr0h, status,2, status,0, pclath, cstack
 Tracked objects:
		On entry : 
		On exit  : 
		Unchanged: 
 Data sizes:     COMMON   BANK0   BANK1   BANK3   BANK2
      Params:         0       0       0       0       0
      Locals:         0       0       0       0       0
      Temps:          0       0       0       0       0
      Totals:         0       0       0       0       0
Total ram usage:        0 bytes
 Hardware stack levels required when called:    2
 This function calls:
		_run_char
 This function is called by:
		Startup code after reset
 This function uses a non-reentrant model


 *************** function _run_char *****************
 Defined at:
		line 84 in file "main.c"
 Parameters:    Size  Location     Type
		None
 Auto vars:     Size  Location     Type
  i               1   41[BANK0 ] unsigned char 
  Index           1   40[BANK0 ] unsigned char 
  Array          40    0[BANK0 ] unsigned char [40]
 Return value:  Size  Location     Type
                  1    wreg      void 
 Registers used:
		wreg, fsr0l, fsr0h, status,2, status,0, pclath, cstack
 Tracked objects:
		On entry : 
		On exit  : 
		Unchanged: 
 Data sizes:     COMMON   BANK0   BANK1   BANK3   BANK2
      Params:         0       0       0       0       0
      Locals:         0      42       0       0       0
      Temps:          4       0       0       0       0
      Totals:         4      42       0       0       0
Total ram usage:       46 bytes
 Hardware stack levels used:    1
 Hardware stack levels required when called:    1
 This function calls:
		_Display_Led_Matrix
		_strlen
 This function is called by:
		_main
 This function uses a non-reentrant model


 *************** function _strlen *****************
 Defined at:
		line 4 in file "C:\Program Files\Microchip\xc8\v2.30\pic\sources\c90\common\strlen.c"
 Parameters:    Size  Location     Type
  s               1    wreg     PTR const unsigned char 
		 -> run_char@Array(40), 
 Auto vars:     Size  Location     Type
  s               1    3[COMMON] PTR const unsigned char 
		 -> run_char@Array(40), 
  cp              1    4[COMMON] PTR const unsigned char 
		 -> run_char@Array(40), 
 Return value:  Size  Location     Type
                  2    0[COMMON] unsigned int 
 Registers used:
		wreg, fsr0l, fsr0h, status,2, status,0
 Tracked objects:
		On entry : 
		On exit  : 
		Unchanged: 
 Data sizes:     COMMON   BANK0   BANK1   BANK3   BANK2
      Params:         2       0       0       0       0
      Locals:         2       0       0       0       0
      Temps:          1       0       0       0       0
      Totals:         5       0       0       0       0
Total ram usage:        5 bytes
 Hardware stack levels used:    1
 This function calls:
		Nothing
 This function is called by:
		_run_char
 This function uses a non-reentrant model


 *************** function _Display_Led_Matrix *****************
 Defined at:
		line 44 in file "main.c"
 Parameters:    Size  Location     Type
  Index           1    wreg     unsigned char 
  array           1    0[COMMON] PTR unsigned char 
		 -> run_char@Array(40), hienThiViTriCoDinhN@Array(24), 
 Auto vars:     Size  Location     Type
  Index           1    5[COMMON] unsigned char 
  i               1    7[COMMON] unsigned char 
  Code_Shift      1    6[COMMON] unsigned char 
  Code            1    4[COMMON] unsigned char 
 Return value:  Size  Location     Type
                  1    wreg      void 
 Registers used:
		wreg, fsr0l, fsr0h, status,2, status,0
 Tracked objects:
		On entry : 
		On exit  : 
		Unchanged: 
 Data sizes:     COMMON   BANK0   BANK1   BANK3   BANK2
      Params:         1       0       0       0       0
      Locals:         4       0       0       0       0
      Temps:          3       0       0       0       0
      Totals:         8       0       0       0       0
Total ram usage:        8 bytes
 Hardware stack levels used:    1
 This function calls:
		Nothing
 This function is called by:
		_run_char
		_hienThiViTriCoDinhN
 This function uses a non-reentrant model



MODULE INFORMATION

Module		Function		Class		Link	Load	Size
C:\Program Files\Microchip\xc8\v2.30\pic\sources\c90\common\strlen.c
		_strlen        		CODE           	068B	0000	25

C:\Program Files\Microchip\xc8\v2.30\pic\sources\c90\common\strlen.c estimated size: 25

shared
		__initialization		CODE           	07D3	0000	41

shared estimated size: 41

main.c
		_run_char      		CODE           	0780	0000	83
		_main          		CODE           	0665	0000	19
		_Display_Led_Matrix		CODE           	06EC	0000	68

main.c estimated size: 170

