Microchip MPLAB XC8 Compiler V2.30

Linker command line:

-W-3 --edf=C:\Program Files\Microchip\xc8\v2.30\pic\dat\en_msgs.txt -cn \
  -h+dist/default/production\lcd-and-i2c-16xN.X.production.sym \
  --cmf=dist/default/production\lcd-and-i2c-16xN.X.production.cmf -z \
  -Q16F877A -oC:\Users\NGUYEN~1\AppData\Local\Temp\s6gsx2 \
  --defsym=__MPLAB_BUILD=1 \
  -Mdist/default/production/lcd-and-i2c-16xN.X.production.map -E1 \
  -ver=XC8 Compiler --acfsm=1493 -ASTACK=0110h-016Fh -pstack=STACK \
  -ACODE=00h-07FFhx4 -ASTRCODE=00h-01FFFh -ASTRING=00h-0FFhx32 \
  -ACONST=00h-0FFhx32 -AENTRY=00h-0FFhx32 -ACOMMON=070h-07Fh \
  -ABANK0=020h-06Fh -ABANK1=0A0h-0EFh -ABANK2=0110h-016Fh \
  -ABANK3=0190h-01EFh -ARAM=020h-06Fh,0A0h-0EFh,0110h-016Fh,0190h-01EFh \
  -AABS1=020h-07Fh,0A0h-0EFh,0110h-016Fh,0190h-01EFh -ASFR0=00h-01Fh \
  -ASFR1=080h-09Fh -ASFR2=0100h-010Fh -ASFR3=0180h-018Fh \
  -ACONFIG=02007h-02007h -DCONFIG=2 -AIDLOC=02000h-02003h -DIDLOC=2 \
  -AEEDATA=00h-0FFh/02100h -peeprom_data=EEDATA -DEEDATA=2 -DCODE=2 \
  -DSTRCODE=2 -DSTRING=2 -DCONST=2 -DENTRY=2 \
  -preset_vec=00h,intentry,init,end_init -ppowerup=CODE -pcinit=CODE \
  -pfunctab=ENTRY -k C:\Users\NGUYEN~1\AppData\Local\Temp\s6gsxb.o \
  dist/default/production\lcd-and-i2c-16xN.X.production.o 

Object code version is 3.11

Machine type is 16F877A



                Name                               Link     Load   Length Selector   Space Scale
C:\Users\NGUYEN~1\AppData\Local\Temp\s6gsxb.o
                end_init                              0        0        3        0       0
                config                             2007     2007        1        0       4
dist/default/production\lcd-and-i2c-16xN.X.production.o
                cinit                               7F4      7F4        C      FE8       0
                config                             2007     2007        1        0       4
                text18                              6BA      6BA       66      D74       0
                text17                              5C0      5C0       39      B80       0
                text16                              4F6      4F6        D      9EC       0
                text15                              4DE      4DE        C      9BC       0
                text14                              4EA      4EA        C      9D4       0
                text13                              599      599       27      B32       0
                text12                              4B6      4B6        9      96C       0
                text11                              4BF      4BF        9      97E       0
                text10                              53A      53A       1D      A74       0
                text9                               503      503       1B      A06       0
                text8                               51E      51E       1C      A3C       0
                text7                               720      720       D4      E40       0
                text6                               5F9      5F9       39      BF2       0
                text5                               557      557       1D      AAE       0
                text4                               574      574       25      AE8       0
                text3                               4C8      4C8        B      990       0
                text2                               4D3      4D3        B      9A6       0
                text1                               675      675       45      CEA       0
                maintext                            632      632       43      C64       0
                cstackBANK0                          20       20       11       20       1
                cstackCOMMON                         70       70        E       70       1
                dataBANK0                            33       33        1       20       1
                bssBANK0                             31       31        2       20       1
                strings                               3        3       1A        6       0
                idataBANK0                          4B5      4B5        1      96A       0

TOTAL           Name                               Link     Load   Length     Space
        CLASS   STACK          

        CLASS   CODE           
                end_init                              0        0        3         0
                cinit                               7F4      7F4        C         0
                text18                              6BA      6BA       66         0
                text17                              5C0      5C0       39         0
                text16                              4F6      4F6        D         0
                text15                              4DE      4DE        C         0
                text14                              4EA      4EA        C         0
                text13                              599      599       27         0
                text12                              4B6      4B6        9         0
                text11                              4BF      4BF        9         0
                text10                              53A      53A       1D         0
                text9                               503      503       1B         0
                text8                               51E      51E       1C         0
                text7                               720      720       D4         0
                text6                               5F9      5F9       39         0
                text5                               557      557       1D         0
                text4                               574      574       25         0
                text3                               4C8      4C8        B         0
                text2                               4D3      4D3        B         0
                text1                               675      675       45         0
                maintext                            632      632       43         0
                idataBANK0                          4B5      4B5        1         0

        CLASS   STRCODE        

        CLASS   STRING         
                strings                               3        3       1A         0

        CLASS   CONST          

        CLASS   ENTRY          

        CLASS   COMMON         
                cstackCOMMON                         70       70        E         1

        CLASS   BANK0          
                cstackBANK0                          20       20       11         1
                dataBANK0                            33       33        1         1
                bssBANK0                             31       31        2         1

        CLASS   BANK1          

        CLASS   BANK2          

        CLASS   BANK3          

        CLASS   RAM            

        CLASS   ABS1           
                abs_s1                               7E       7E        2         1

        CLASS   SFR0           

        CLASS   SFR1           

        CLASS   SFR2           

        CLASS   SFR3           

        CLASS   CONFIG         
                config                             2007     2007        1         4

        CLASS   IDLOC          

        CLASS   EEDATA         



SEGMENTS        Name                           Load    Length   Top    Selector   Space  Class     Delta

                reset_vec                      000000  000003  000003         0       0  CODE        2
                strings                        000003  00001A  00001D         6       0  STRING      2
                cstackBANK0                    000020  000014  000034        20       1  BANK0       1
                cstackCOMMON                   000070  00000E  00007E        70       1  COMMON      1
                idataBANK0                     0004B5  000001  0004B6       96A       0  CODE        2
                text12                         0004B6  000009  0004BF       96C       0  CODE        2
                text11                         0004BF  000009  0004C8       97E       0  CODE        2
                text3                          0004C8  00000B  0004D3       990       0  CODE        2
                text2                          0004D3  00000B  0004DE       9A6       0  CODE        2
                text15                         0004DE  00000C  0004EA       9BC       0  CODE        2
                text14                         0004EA  00000C  0004F6       9D4       0  CODE        2
                text16                         0004F6  00000D  000503       9EC       0  CODE        2
                text9                          000503  00001B  00051E       A06       0  CODE        2
                text8                          00051E  00001C  00053A       A3C       0  CODE        2
                text10                         00053A  00001D  000557       A74       0  CODE        2
                text5                          000557  00001D  000574       AAE       0  CODE        2
                text4                          000574  000025  000599       AE8       0  CODE        2
                text13                         000599  000027  0005C0       B32       0  CODE        2
                text17                         0005C0  000039  0005F9       B80       0  CODE        2
                text6                          0005F9  000039  000632       BF2       0  CODE        2
                maintext                       000632  000043  000675       C64       0  CODE        2
                text1                          000675  000045  0006BA       CEA       0  CODE        2
                text18                         0006BA  000066  000720       D74       0  CODE        2
                text7                          000720  0000D4  0007F4       E40       0  CODE        2
                cinit                          0007F4  00000C  000800       FE8       0  CODE        2


UNUSED ADDRESS RANGES

        Name                Unused          Largest block    Delta
        BANK0            0034-006F             3C           1
        BANK1            00A0-00EF             50           1
        BANK2            0110-016F             60           1
        BANK3            0190-01EF             60           1
        CODE             001D-04B4            498           2
                         0800-1FFF            800
        CONST            001D-04B4            100           2
                         0800-1FFF            100
        EEDATA           2100-21FF            100           2
        ENTRY            001D-04B4            100           2
                         0800-1FFF            100
        IDLOC            2000-2003              4           2
        RAM              0034-006F             3C           1
                         00A0-00EF             50
                         0110-016F             60
                         0190-01EF             60
        SFR0             0000-001F             20           1
        SFR1             0080-009F             20           1
        SFR2             0100-010F             10           1
        SFR3             0180-018F             10           1
        STACK            0110-016F             60           1
        STRCODE          001D-04B4            498           2
                         0800-1FFF           1800
        STRING           001D-04B4            100           2
                         0800-1FFF            100

                                  Symbol Table

?___lldiv                    cstackCOMMON 0070
I2C_Master_Init@I2C_BaudRate cstackBANK0  0020
I2C_Read_Char@ACK            cstackCOMMON 0071
IO_Expander_Write@Data       cstackCOMMON 0072
LCD_Cmd@Cmd                  cstackCOMMON 0076
LCD_Init@I2C_Add             cstackBANK0  002D
LCD_Init@I2C_BaudRate        cstackBANK0  0028
LCD_Set_Cursor@COL           cstackCOMMON 0077
LCD_Set_Cursor@ROW           cstackCOMMON 007A
LCD_Write_4Bit@Nibble        cstackCOMMON 0074
LCD_Write_Char@Data          cstackCOMMON 0076
LCD_Write_String@Str         cstackCOMMON 0079
LCD_Write_String@i           cstackCOMMON 0077
_ACKDT                       (abs)        048D
_ACKEN                       (abs)        048C
_ACKSTAT                     (abs)        048E
_ADCON1                      (abs)        009F
_BackLight_State             dataBANK0    0033
_I2C_ACK                     text15       04DE
_I2C_Master_Init             text17       05C0
_I2C_NACK                    text14       04EA
_I2C_Read_Char               text13       0599
_I2C_Start                   text12       04B6
_I2C_Stop                    text11       04BF
_I2C_Wait                    text16       04F6
_IO_Expander_Write           text10       053A
_LCD_Cmd                     text8        051E
_LCD_Init                    text7        0720
_LCD_SL                      text3        04C8
_LCD_SR                      text2        04D3
_LCD_Set_Cursor              text6        05F9
_LCD_Write_4Bit              text9        0503
_LCD_Write_Char              text5        0557
_LCD_Write_String            text4        0574
_PEN                         (abs)        048A
_RCEN                        (abs)        048B
_RS                          bssBANK0     0032
_RSEN                        (abs)        0489
_SEN                         (abs)        0488
_SSPADD                      (abs)        0093
_SSPBUF                      (abs)        0013
_SSPCON                      (abs)        0014
_SSPCON2                     (abs)        0091
_SSPSTAT                     (abs)        0094
_TRISCbits                   (abs)        0087
__Habs1                      abs1         0000
__Hbank0                     bank0        0000
__Hbank1                     bank1        0000
__Hbank2                     bank2        0000
__Hbank3                     bank3        0000
__HbssBANK0                  bssBANK0     0000
__Hcinit                     cinit        0800
__Hclrtext                   clrtext      0000
__Hcode                      code         0000
__Hcommon                    common       0000
__Hconfig                    config       2008
__HcstackBANK0               cstackBANK0  0000
__HcstackCOMMON              cstackCOMMON 0000
__HdataBANK0                 dataBANK0    0000
__Heeprom_data               eeprom_data  0000
__Hend_init                  end_init     0003
__Hfunctab                   functab      0000
__HidataBANK0                idataBANK0   0000
__Hinit                      init         0000
__Hintentry                  intentry     0000
__Hmaintext                  maintext     0000
__Hpowerup                   powerup      0000
__Hram                       ram          0000
__Hreset_vec                 reset_vec    0000
__Hsfr0                      sfr0         0000
__Hsfr1                      sfr1         0000
__Hsfr2                      sfr2         0000
__Hsfr3                      sfr3         0000
__Hspace_0                   (abs)        0800
__Hspace_1                   (abs)        007E
__Hspace_2                   (abs)        0000
__Hspace_3                   (abs)        0000
__Hspace_4                   (abs)        400F
__Hstack                     stack        0000
__Hstrings                   strings      0000
__Htext                      text         0000
__Labs1                      abs1         0000
__Lbank0                     bank0        0000
__Lbank1                     bank1        0000
__Lbank2                     bank2        0000
__Lbank3                     bank3        0000
__LbssBANK0                  bssBANK0     0000
__Lcinit                     cinit        07F4
__Lclrtext                   clrtext      0000
__Lcode                      code         0000
__Lcommon                    common       0000
__Lconfig                    config       0000
__LcstackBANK0               cstackBANK0  0000
__LcstackCOMMON              cstackCOMMON 0000
__LdataBANK0                 dataBANK0    0000
__Leeprom_data               eeprom_data  0000
__Lend_init                  end_init     0000
__Lfunctab                   functab      0000
__LidataBANK0                idataBANK0   0000
__Linit                      init         0000
__Lintentry                  intentry     0000
__Lmaintext                  maintext     0000
__Lpowerup                   powerup      0000
__Lram                       ram          0000
__Lreset_vec                 reset_vec    0000
__Lsfr0                      sfr0         0000
__Lsfr1                      sfr1         0000
__Lsfr2                      sfr2         0000
__Lsfr3                      sfr3         0000
__Lspace_0                   (abs)        0000
__Lspace_1                   (abs)        0000
__Lspace_2                   (abs)        0000
__Lspace_3                   (abs)        0000
__Lspace_4                   (abs)        0000
__Lstack                     stack        0000
__Lstrings                   strings      0000
__Ltext                      text         0000
__S0                         (abs)        0800
__S1                         (abs)        007E
__S2                         (abs)        0000
__S3                         (abs)        0000
___int_sp                    stack        0000
___latbits                   (abs)        0002
___lldiv                     text18       06BA
___lldiv@counter             cstackCOMMON 007D
___lldiv@dividend            cstackCOMMON 0074
___lldiv@divisor             cstackCOMMON 0070
___lldiv@quotient            cstackCOMMON 0079
___sp                        stack        0000
___stackhi                   (abs)        0000
___stacklo                   (abs)        0000
__end_of_I2C_ACK             text15       04EA
__end_of_I2C_Master_Init     text17       05F9
__end_of_I2C_NACK            text14       04F6
__end_of_I2C_Read_Char       text13       05C0
__end_of_I2C_Start           text12       04BF
__end_of_I2C_Stop            text11       04C8
__end_of_I2C_Wait            text16       0503
__end_of_IO_Expander_Write   text10       0557
__end_of_LCD_Cmd             text8        053A
__end_of_LCD_Init            text7        07F4
__end_of_LCD_SL              text3        04D3
__end_of_LCD_SR              text2        04DE
__end_of_LCD_Set_Cursor      text6        0632
__end_of_LCD_Write_4Bit      text9        051E
__end_of_LCD_Write_Char      text5        0574
__end_of_LCD_Write_String    text4        0599
__end_of___lldiv             text18       0720
__end_of__initialization     cinit        07FC
__end_of__stringtab          strings      0009
__end_of_main                maintext     0675
__end_of_screenMove          text1        06BA
__initialization             cinit        07F4
__pbssBANK0                  bssBANK0     0031
__pcstackBANK0               cstackBANK0  0020
__pcstackCOMMON              cstackCOMMON 0070
__pdataBANK0                 dataBANK0    0033
__pidataBANK0                idataBANK0   04B5
__pmaintext                  maintext     0632
__pstrings                   strings      0003
__ptext1                     text1        0675
__ptext10                    text10       053A
__ptext11                    text11       04BF
__ptext12                    text12       04B6
__ptext13                    text13       0599
__ptext14                    text14       04EA
__ptext15                    text15       04DE
__ptext16                    text16       04F6
__ptext17                    text17       05C0
__ptext18                    text18       06BA
__ptext2                     text2        04D3
__ptext3                     text3        04C8
__ptext4                     text4        0574
__ptext5                     text5        0557
__ptext6                     text6        05F9
__ptext7                     text7        0720
__ptext8                     text8        051E
__ptext9                     text9        0503
__size_of_I2C_ACK            (abs)        0000
__size_of_I2C_Master_Init    (abs)        0000
__size_of_I2C_NACK           (abs)        0000
__size_of_I2C_Read_Char      (abs)        0000
__size_of_I2C_Start          (abs)        0000
__size_of_I2C_Stop           (abs)        0000
__size_of_I2C_Wait           (abs)        0000
__size_of_IO_Expander_Write  (abs)        0000
__size_of_LCD_Cmd            (abs)        0000
__size_of_LCD_Init           (abs)        0000
__size_of_LCD_SL             (abs)        0000
__size_of_LCD_SR             (abs)        0000
__size_of_LCD_Set_Cursor     (abs)        0000
__size_of_LCD_Write_4Bit     (abs)        0000
__size_of_LCD_Write_Char     (abs)        0000
__size_of_LCD_Write_String   (abs)        0000
__size_of___lldiv            (abs)        0000
__size_of_main               (abs)        0000
__size_of_screenMove         (abs)        0000
__stringbase                 strings      0008
__stringtab                  strings      0003
_i2c_add                     bssBANK0     0031
_main                        maintext     0632
_screenMove                  text1        0675
btemp                        (abs)        007E
end_of_initialization        cinit        07FC
intlevel0                    functab      0000
intlevel1                    functab      0000
intlevel2                    functab      0000
intlevel3                    functab      0000
intlevel4                    functab      0000
intlevel5                    functab      0000
reset_vec                    reset_vec    0000
start                        init         0000
start_initialization         cinit        07F4
wtemp0                       (abs)        007E


FUNCTION INFORMATION:

 *************** function _main *****************
 Defined at:
		line 10 in file "main1234.c"
 Parameters:    Size  Location     Type
		None
 Auto vars:     Size  Location     Type
		None
 Return value:  Size  Location     Type
                  1    wreg      void 
 Registers used:
		wreg, fsr0l, fsr0h, status,2, status,0, pclath, cstack
 Tracked objects:
		On entry : 
		On exit  : 
		Unchanged: 
 Data sizes:     COMMON   BANK0   BANK1   BANK3   BANK2
      Params:         0       0       0       0       0
      Locals:         0       0       0       0       0
      Temps:          0       3       0       0       0
      Totals:         0       3       0       0       0
Total ram usage:        3 bytes
 Hardware stack levels required when called:    8
 This function calls:
		_LCD_Init
		_LCD_Set_Cursor
		_LCD_Write_String
		_screenMove
 This function is called by:
		Startup code after reset
 This function uses a non-reentrant model


 *************** function _screenMove *****************
 Defined at:
		line 31 in file "main1234.c"
 Parameters:    Size  Location     Type
		None
 Auto vars:     Size  Location     Type
		None
 Return value:  Size  Location     Type
                  1    wreg      void 
 Registers used:
		wreg, status,2, status,0, pclath, cstack
 Tracked objects:
		On entry : 
		On exit  : 
		Unchanged: 
 Data sizes:     COMMON   BANK0   BANK1   BANK3   BANK2
      Params:         0       0       0       0       0
      Locals:         0       0       0       0       0
      Temps:          3       0       0       0       0
      Totals:         3       0       0       0       0
Total ram usage:        3 bytes
 Hardware stack levels used:    1
 Hardware stack levels required when called:    7
 This function calls:
		_LCD_SL
		_LCD_SR
 This function is called by:
		_main
 This function uses a non-reentrant model


 *************** function _LCD_SR *****************
 Defined at:
		line 105 in file "libraryUser/lcd-i2c/i2c_lcd.c"
 Parameters:    Size  Location     Type
		None
 Auto vars:     Size  Location     Type
		None
 Return value:  Size  Location     Type
                  1    wreg      void 
 Registers used:
		wreg, status,2, status,0, pclath, cstack
 Tracked objects:
		On entry : 
		On exit  : 
		Unchanged: 
 Data sizes:     COMMON   BANK0   BANK1   BANK3   BANK2
      Params:         0       0       0       0       0
      Locals:         0       0       0       0       0
      Temps:          1       0       0       0       0
      Totals:         1       0       0       0       0
Total ram usage:        1 bytes
 Hardware stack levels used:    1
 Hardware stack levels required when called:    6
 This function calls:
		_LCD_Cmd
 This function is called by:
		_screenMove
 This function uses a non-reentrant model


 *************** function _LCD_SL *****************
 Defined at:
		line 99 in file "libraryUser/lcd-i2c/i2c_lcd.c"
 Parameters:    Size  Location     Type
		None
 Auto vars:     Size  Location     Type
		None
 Return value:  Size  Location     Type
                  1    wreg      void 
 Registers used:
		wreg, status,2, status,0, pclath, cstack
 Tracked objects:
		On entry : 
		On exit  : 
		Unchanged: 
 Data sizes:     COMMON   BANK0   BANK1   BANK3   BANK2
      Params:         0       0       0       0       0
      Locals:         0       0       0       0       0
      Temps:          1       0       0       0       0
      Totals:         1       0       0       0       0
Total ram usage:        1 bytes
 Hardware stack levels used:    1
 Hardware stack levels required when called:    6
 This function calls:
		_LCD_Cmd
 This function is called by:
		_screenMove
 This function uses a non-reentrant model


 *************** function _LCD_Write_String *****************
 Defined at:
		line 63 in file "libraryUser/lcd-i2c/i2c_lcd.c"
 Parameters:    Size  Location     Type
  Str             1    wreg     PTR unsigned char 
		 -> STR_2(10), STR_1(10), 
 Auto vars:     Size  Location     Type
  Str             1    9[COMMON] PTR unsigned char 
		 -> STR_2(10), STR_1(10), 
  i               2    7[COMMON] int 
 Return value:  Size  Location     Type
                  1    wreg      void 
 Registers used:
		wreg, fsr0l, fsr0h, status,2, status,0, pclath, cstack
 Tracked objects:
		On entry : 
		On exit  : 
		Unchanged: 
 Data sizes:     COMMON   BANK0   BANK1   BANK3   BANK2
      Params:         0       0       0       0       0
      Locals:         3       0       0       0       0
      Temps:          0       0       0       0       0
      Totals:         3       0       0       0       0
Total ram usage:        3 bytes
 Hardware stack levels used:    1
 Hardware stack levels required when called:    6
 This function calls:
		_LCD_Write_Char
 This function is called by:
		_main
		_LCD_Write_StringXY
 This function uses a non-reentrant model


 *************** function _LCD_Write_Char *****************
 Defined at:
		line 56 in file "libraryUser/lcd-i2c/i2c_lcd.c"
 Parameters:    Size  Location     Type
  Data            1    wreg     unsigned char 
 Auto vars:     Size  Location     Type
  Data            1    6[COMMON] unsigned char 
 Return value:  Size  Location     Type
                  1    wreg      void 
 Registers used:
		wreg, status,2, status,0, pclath, cstack
 Tracked objects:
		On entry : 
		On exit  : 
		Unchanged: 
 Data sizes:     COMMON   BANK0   BANK1   BANK3   BANK2
      Params:         0       0       0       0       0
      Locals:         1       0       0       0       0
      Temps:          1       0       0       0       0
      Totals:         2       0       0       0       0
Total ram usage:        2 bytes
 Hardware stack levels used:    1
 Hardware stack levels required when called:    5
 This function calls:
		_LCD_Write_4Bit
 This function is called by:
		_LCD_Write_String
		_LCD_Write_CharXY
 This function uses a non-reentrant model


 *************** function _LCD_Set_Cursor *****************
 Defined at:
		line 69 in file "libraryUser/lcd-i2c/i2c_lcd.c"
 Parameters:    Size  Location     Type
  ROW             1    wreg     unsigned char 
  COL             1    7[COMMON] unsigned char 
 Auto vars:     Size  Location     Type
  ROW             1   10[COMMON] unsigned char 
 Return value:  Size  Location     Type
                  1    wreg      void 
 Registers used:
		wreg, fsr0l, fsr0h, status,2, status,0, pclath, cstack
 Tracked objects:
		On entry : 
		On exit  : 
		Unchanged: 
 Data sizes:     COMMON   BANK0   BANK1   BANK3   BANK2
      Params:         1       0       0       0       0
      Locals:         1       0       0       0       0
      Temps:          2       0       0       0       0
      Totals:         4       0       0       0       0
Total ram usage:        4 bytes
 Hardware stack levels used:    1
 Hardware stack levels required when called:    6
 This function calls:
		_LCD_Cmd
 This function is called by:
		_main
		_LCD_Write_CharXY
		_LCD_Write_StringXY
 This function uses a non-reentrant model


 *************** function _LCD_Init *****************
 Defined at:
		line 6 in file "libraryUser/lcd-i2c/i2c_lcd.c"
 Parameters:    Size  Location     Type
  I2C_Add         1    wreg     unsigned char 
  I2C_BaudRate    1    8[BANK0 ] unsigned char 
 Auto vars:     Size  Location     Type
  I2C_Add         1   13[BANK0 ] unsigned char 
 Return value:  Size  Location     Type
                  1    wreg      void 
 Registers used:
		wreg, status,2, status,0, pclath, cstack
 Tracked objects:
		On entry : 
		On exit  : 
		Unchanged: 
 Data sizes:     COMMON   BANK0   BANK1   BANK3   BANK2
      Params:         0       1       0       0       0
      Locals:         0       1       0       0       0
      Temps:          0       4       0       0       0
      Totals:         0       6       0       0       0
Total ram usage:        6 bytes
 Hardware stack levels used:    1
 Hardware stack levels required when called:    6
 This function calls:
		_I2C_Master_Init
		_IO_Expander_Write
		_LCD_Cmd
 This function is called by:
		_main
 This function uses a non-reentrant model


 *************** function _LCD_Cmd *****************
 Defined at:
		line 49 in file "libraryUser/lcd-i2c/i2c_lcd.c"
 Parameters:    Size  Location     Type
  Cmd             1    wreg     unsigned char 
 Auto vars:     Size  Location     Type
  Cmd             1    6[COMMON] unsigned char 
 Return value:  Size  Location     Type
                  1    wreg      void 
 Registers used:
		wreg, status,2, status,0, pclath, cstack
 Tracked objects:
		On entry : 
		On exit  : 
		Unchanged: 
 Data sizes:     COMMON   BANK0   BANK1   BANK3   BANK2
      Params:         0       0       0       0       0
      Locals:         1       0       0       0       0
      Temps:          1       0       0       0       0
      Totals:         2       0       0       0       0
Total ram usage:        2 bytes
 Hardware stack levels used:    1
 Hardware stack levels required when called:    5
 This function calls:
		_LCD_Write_4Bit
 This function is called by:
		_LCD_Init
		_LCD_Set_Cursor
		_LCD_SL
		_LCD_SR
		_LCD_Clear
 This function uses a non-reentrant model


 *************** function _LCD_Write_4Bit *****************
 Defined at:
		line 40 in file "libraryUser/lcd-i2c/i2c_lcd.c"
 Parameters:    Size  Location     Type
  Nibble          1    wreg     unsigned char 
 Auto vars:     Size  Location     Type
  Nibble          1    4[COMMON] unsigned char 
 Return value:  Size  Location     Type
                  1    wreg      void 
 Registers used:
		wreg, status,2, status,0, pclath, cstack
 Tracked objects:
		On entry : 
		On exit  : 
		Unchanged: 
 Data sizes:     COMMON   BANK0   BANK1   BANK3   BANK2
      Params:         0       0       0       0       0
      Locals:         1       0       0       0       0
      Temps:          1       0       0       0       0
      Totals:         2       0       0       0       0
Total ram usage:        2 bytes
 Hardware stack levels used:    1
 Hardware stack levels required when called:    4
 This function calls:
		_IO_Expander_Write
 This function is called by:
		_LCD_Cmd
		_LCD_Write_Char
 This function uses a non-reentrant model


 *************** function _IO_Expander_Write *****************
 Defined at:
		line 32 in file "libraryUser/lcd-i2c/i2c_lcd.c"
 Parameters:    Size  Location     Type
  Data            1    wreg     unsigned char 
 Auto vars:     Size  Location     Type
  Data            1    2[COMMON] unsigned char 
 Return value:  Size  Location     Type
                  1    wreg      void 
 Registers used:
		wreg, status,2, status,0, pclath, cstack
 Tracked objects:
		On entry : 
		On exit  : 
		Unchanged: 
 Data sizes:     COMMON   BANK0   BANK1   BANK3   BANK2
      Params:         0       0       0       0       0
      Locals:         1       0       0       0       0
      Temps:          0       0       0       0       0
      Totals:         1       0       0       0       0
Total ram usage:        1 bytes
 Hardware stack levels used:    1
 Hardware stack levels required when called:    3
 This function calls:
		_I2C_Read_Char
		_I2C_Start
		_I2C_Stop
 This function is called by:
		_LCD_Init
		_LCD_Write_4Bit
		_Backlight
		_noBacklight
 This function uses a non-reentrant model


 *************** function _I2C_Stop *****************
 Defined at:
		line 56 in file "libraryUser/i2c/i2c-master.c"
 Parameters:    Size  Location     Type
		None
 Auto vars:     Size  Location     Type
		None
 Return value:  Size  Location     Type
                  1    wreg      void 
 Registers used:
		wreg, status,2, status,0, pclath, cstack
 Tracked objects:
		On entry : 
		On exit  : 
		Unchanged: 
 Data sizes:     COMMON   BANK0   BANK1   BANK3   BANK2
      Params:         0       0       0       0       0
      Locals:         0       0       0       0       0
      Temps:          0       0       0       0       0
      Totals:         0       0       0       0       0
Total ram usage:        0 bytes
 Hardware stack levels used:    1
 Hardware stack levels required when called:    1
 This function calls:
		_I2C_Wait
 This function is called by:
		_IO_Expander_Write
 This function uses a non-reentrant model


 *************** function _I2C_Start *****************
 Defined at:
		line 36 in file "libraryUser/i2c/i2c-master.c"
 Parameters:    Size  Location     Type
		None
 Auto vars:     Size  Location     Type
		None
 Return value:  Size  Location     Type
                  1    wreg      void 
 Registers used:
		wreg, status,2, status,0, pclath, cstack
 Tracked objects:
		On entry : 
		On exit  : 
		Unchanged: 
 Data sizes:     COMMON   BANK0   BANK1   BANK3   BANK2
      Params:         0       0       0       0       0
      Locals:         0       0       0       0       0
      Temps:          0       0       0       0       0
      Totals:         0       0       0       0       0
Total ram usage:        0 bytes
 Hardware stack levels used:    1
 Hardware stack levels required when called:    1
 This function calls:
		_I2C_Wait
 This function is called by:
		_IO_Expander_Write
 This function uses a non-reentrant model


 *************** function _I2C_Read_Char *****************
 Defined at:
		line 104 in file "libraryUser/i2c/i2c-master.c"
 Parameters:    Size  Location     Type
  ACK             1    wreg     unsigned char 
 Auto vars:     Size  Location     Type
  ACK             1    1[COMMON] unsigned char 
  _data           1    0        unsigned char 
 Return value:  Size  Location     Type
                  1    wreg      unsigned char 
 Registers used:
		wreg, status,2, status,0, pclath, cstack
 Tracked objects:
		On entry : 
		On exit  : 
		Unchanged: 
 Data sizes:     COMMON   BANK0   BANK1   BANK3   BANK2
      Params:         0       0       0       0       0
      Locals:         2       0       0       0       0
      Temps:          0       0       0       0       0
      Totals:         2       0       0       0       0
Total ram usage:        2 bytes
 Hardware stack levels used:    1
 Hardware stack levels required when called:    2
 This function calls:
		_I2C_ACK
		_I2C_NACK
		_I2C_Wait
 This function is called by:
		_IO_Expander_Write
 This function uses a non-reentrant model


 *************** function _I2C_NACK *****************
 Defined at:
		line 80 in file "libraryUser/i2c/i2c-master.c"
 Parameters:    Size  Location     Type
		None
 Auto vars:     Size  Location     Type
		None
 Return value:  Size  Location     Type
                  1    wreg      void 
 Registers used:
		wreg, status,2, status,0, pclath, cstack
 Tracked objects:
		On entry : 
		On exit  : 
		Unchanged: 
 Data sizes:     COMMON   BANK0   BANK1   BANK3   BANK2
      Params:         0       0       0       0       0
      Locals:         0       0       0       0       0
      Temps:          0       0       0       0       0
      Totals:         0       0       0       0       0
Total ram usage:        0 bytes
 Hardware stack levels used:    1
 Hardware stack levels required when called:    1
 This function calls:
		_I2C_Wait
 This function is called by:
		_I2C_Read_Char
 This function uses a non-reentrant model


 *************** function _I2C_ACK *****************
 Defined at:
		line 67 in file "libraryUser/i2c/i2c-master.c"
 Parameters:    Size  Location     Type
		None
 Auto vars:     Size  Location     Type
		None
 Return value:  Size  Location     Type
                  1    wreg      void 
 Registers used:
		wreg, status,2, status,0, pclath, cstack
 Tracked objects:
		On entry : 
		On exit  : 
		Unchanged: 
 Data sizes:     COMMON   BANK0   BANK1   BANK3   BANK2
      Params:         0       0       0       0       0
      Locals:         0       0       0       0       0
      Temps:          0       0       0       0       0
      Totals:         0       0       0       0       0
Total ram usage:        0 bytes
 Hardware stack levels used:    1
 Hardware stack levels required when called:    1
 This function calls:
		_I2C_Wait
 This function is called by:
		_I2C_Read_Char
 This function uses a non-reentrant model


 *************** function _I2C_Wait *****************
 Defined at:
		line 27 in file "libraryUser/i2c/i2c-master.c"
 Parameters:    Size  Location     Type
		None
 Auto vars:     Size  Location     Type
		None
 Return value:  Size  Location     Type
                  1    wreg      void 
 Registers used:
		wreg, status,2
 Tracked objects:
		On entry : 
		On exit  : 
		Unchanged: 
 Data sizes:     COMMON   BANK0   BANK1   BANK3   BANK2
      Params:         0       0       0       0       0
      Locals:         0       0       0       0       0
      Temps:          0       0       0       0       0
      Totals:         0       0       0       0       0
Total ram usage:        0 bytes
 Hardware stack levels used:    1
 This function calls:
		Nothing
 This function is called by:
		_I2C_Start
		_I2C_Stop
		_I2C_ACK
		_I2C_NACK
		_I2C_Read_Char
		_I2C_Restart
		_I2C_Write_Char
 This function uses a non-reentrant model


 *************** function _I2C_Master_Init *****************
 Defined at:
		line 6 in file "libraryUser/i2c/i2c-master.c"
 Parameters:    Size  Location     Type
  I2C_BaudRate    4    0[BANK0 ] const unsigned long 
 Auto vars:     Size  Location     Type
		None
 Return value:  Size  Location     Type
                  1    wreg      void 
 Registers used:
		wreg, status,2, status,0, pclath, cstack
 Tracked objects:
		On entry : 
		On exit  : 
		Unchanged: 
 Data sizes:     COMMON   BANK0   BANK1   BANK3   BANK2
      Params:         0       4       0       0       0
      Locals:         0       0       0       0       0
      Temps:          0       4       0       0       0
      Totals:         0       8       0       0       0
Total ram usage:        8 bytes
 Hardware stack levels used:    1
 Hardware stack levels required when called:    1
 This function calls:
		___lldiv
 This function is called by:
		_LCD_Init
 This function uses a non-reentrant model


 *************** function ___lldiv *****************
 Defined at:
		line 5 in file "C:\Program Files\Microchip\xc8\v2.30\pic\sources\c90\common\__lldiv.c"
 Parameters:    Size  Location     Type
  divisor         4    0[COMMON] unsigned long 
  dividend        4    4[COMMON] unsigned long 
 Auto vars:     Size  Location     Type
  quotient        4    9[COMMON] unsigned long 
  counter         1   13[COMMON] unsigned char 
 Return value:  Size  Location     Type
                  4    0[COMMON] unsigned long 
 Registers used:
		wreg, status,2, status,0
 Tracked objects:
		On entry : 
		On exit  : 
		Unchanged: 
 Data sizes:     COMMON   BANK0   BANK1   BANK3   BANK2
      Params:         8       0       0       0       0
      Locals:         5       0       0       0       0
      Temps:          1       0       0       0       0
      Totals:        14       0       0       0       0
Total ram usage:       14 bytes
 Hardware stack levels used:    1
 This function calls:
		Nothing
 This function is called by:
		_I2C_Master_Init
 This function uses a non-reentrant model



MODULE INFORMATION

Module		Function		Class		Link	Load	Size
C:\Program Files\Microchip\xc8\v2.30\pic\sources\c90\common\__lldiv.c
		___lldiv       		CODE           	06BA	0000	102

C:\Program Files\Microchip\xc8\v2.30\pic\sources\c90\common\__lldiv.c estimated size: 102

shared
		__stringtab    		STRING         	0003	0000	6
		__initialization		CODE           	07F4	0000	8

shared estimated size: 14

libraryUser/i2c/i2c-master.c
		_I2C_Master_Init		CODE           	05C0	0000	57
		_I2C_Stop      		CODE           	04BF	0000	9
		_I2C_Wait      		CODE           	04F6	0000	13
		_I2C_Read_Char 		CODE           	0599	0000	39
		_I2C_ACK       		CODE           	04DE	0000	12
		_I2C_NACK      		CODE           	04EA	0000	12
		_I2C_Start     		CODE           	04B6	0000	9

libraryUser/i2c/i2c-master.c estimated size: 151

libraryUser/lcd-i2c/i2c_lcd.c
		_LCD_Init      		CODE           	0720	0000	212
		_LCD_Write_4Bit		CODE           	0503	0000	27
		_LCD_Write_Char		CODE           	0557	0000	29
		_LCD_Cmd       		CODE           	051E	0000	28
		_LCD_Set_Cursor		CODE           	05F9	0000	57
		_IO_Expander_Write		CODE           	053A	0000	29
		_LCD_SL        		CODE           	04C8	0000	11
		_LCD_SR        		CODE           	04D3	0000	11
		_LCD_Write_String		CODE           	0574	0000	37

libraryUser/lcd-i2c/i2c_lcd.c estimated size: 441

main1234.c
		_screenMove    		CODE           	0675	0000	69
		_main          		CODE           	0632	0000	67

main1234.c estimated size: 136

